// Jest Snapshot v1, https://goo.gl/fbAQLP

exports[`Filter menu component Filter Tests Filter menu is correctly rendered 1`] = `
<div
  class="o-filter-menu d-flex flex-column bg-white"
>
  <div>
    <div
      class="o-filter-menu-item my-2 mb-3"
    >
       Sort ascending (A ⟶ Z) 
    </div>
    <div
      class="o-filter-menu-item my-2"
    >
       Sort descending (Z ⟶ A) 
    </div>
  </div>
  <div
    class="o-separator"
  />
  
  <div
    class="o-filter-menu-actions d-flex"
  >
    <div
      class="o-button-link me-4"
    >
      Select all
    </div>
    <div
      class="o-button-link me-4"
    >
      Clear
    </div>
  </div>
  <div
    class="position-relative"
  >
    <input
      class="w-100 o-input my-2"
      placeholder="Search..."
      type="text"
    />
    <i
      class="o-search-icon position-absolute"
    >
      <div
        class="o-icon"
      >
        <i
          class="fa fa-search"
        />
      </div>
    </i>
  </div>
  <div
    class="o-filter-menu-list d-flex flex-column"
  >
    <div
      class="o-filter-menu-item o-filter-menu-value"
    >
      <!-- toString because t-set with a body creates a LazyValue instead of a string -->
      <label
        class="o-checkbox d-flex align-items-center p-2 w-100 pe-auto text-truncate"
        role="button"
      >
        <input
          class="me-2"
          name="(Blanks)"
          type="checkbox"
        />
        (Blanks)
        
      </label>
      
    </div>
    <div
      class="o-filter-menu-item o-filter-menu-value"
    >
      <!-- toString because t-set with a body creates a LazyValue instead of a string -->
      <label
        class="o-checkbox d-flex align-items-center p-2 w-100 pe-auto text-truncate"
        role="button"
      >
        <input
          class="me-2"
          name="1"
          type="checkbox"
        />
        1
        
      </label>
      
    </div>
    <div
      class="o-filter-menu-item o-filter-menu-value"
    >
      <!-- toString because t-set with a body creates a LazyValue instead of a string -->
      <label
        class="o-checkbox d-flex align-items-center p-2 w-100 pe-auto text-truncate"
        role="button"
      >
        <input
          class="me-2"
          name="2"
          type="checkbox"
        />
        2
        
      </label>
      
    </div>
    
    
    
  </div>
  <div
    class="o-filter-menu-buttons d-flex justify-content-end"
  >
    <button
      class="o-button o-filter-menu-cancel me-2"
    >
      Cancel
    </button>
    <button
      class="o-button primary o-filter-menu-confirm"
    >
      Confirm
    </button>
  </div>
</div>
`;
