// Jest Snapshot v1, https://jestjs.io/docs/snapshot-testing

exports[`Grid integration can display error tooltip 1`] = `
<div
  class="o-popover-content"
>
  <div
    class="o-error-tooltip"
  >
    <div
      class="o-error-tooltip-title fw-bold text-danger"
    >
      Error
    </div>
    <div
      class="o-error-tooltip-message"
    >
      The divisor must be different from zero.
      
    </div>
    
    
  </div>
</div>
`;
