// Jest Snapshot v1, https://goo.gl/fbAQLP

exports[`Data Series Can render a data series component 1`] = `
<div>
  <div
    class="o-section o-data-series"
  >
    <div
      class="o-section-title"
    >
      
      <div
        class="d-flex flex-row justify-content-between"
      >
        Data series
        
      </div>
      
    </div>
    
    <div
      class="o-selection w-100"
    >
      <div
        class="o-selection-input"
      >
        <div
          class="d-flex"
        >
          
          <div
            class="position-relative w-100"
          >
            <input
              class="o-input mb-2"
              placeholder="e.g. A1:A2"
              spellcheck="false"
              style=""
              type="text"
            />
            
            
          </div>
          <div
            class="ms-2 d-flex align-items-center"
          >
            
            
          </div>
        </div>
        <div />
      </div>
      
      
      <div
        class="d-flex flex-row w-100 o-selection-input"
      >
        <button
          class="o-button o-add-selection"
        >
           Add range 
        </button>
        
        
      </div>
    </div>
    
  </div>
</div>
`;
