// Jest Snapshot v1, https://goo.gl/fbAQLP

exports[`renderer snapshot for a simple grid rendering 1`] = `
[
  "context.save()",
  "context.fillStyle="#ffffff";",
  "context.fillRect(0, 0, 952.5, 974.5)",
  "context.save()",
  "context.beginPath()",
  "context.rect(0, 0, 2592, 2374)",
  "context.clip()",
  "context.strokeStyle="#E2E3E3";",
  "context.lineWidth=0.4;",
  "context.strokeRect(0.04000000000000001, 0.04000000000000001, 95.92, 22.92)",
  "context.strokeStyle="#E2E3E3";",
  "context.lineWidth=0.4;",
  "context.strokeRect(96.04, 0.04000000000000001, 95.92, 22.92)",
  "context.strokeStyle="#E2E3E3";",
  "context.lineWidth=0.4;",
  "context.strokeRect(192.04, 0.04000000000000001, 95.92, 22.92)",
  "context.strokeStyle="#E2E3E3";",
  "context.lineWidth=0.4;",
  "context.strokeRect(288.04, 0.04000000000000001, 95.92, 22.92)",
  "context.strokeStyle="#E2E3E3";",
  "context.lineWidth=0.4;",
  "context.strokeRect(384.04, 0.04000000000000001, 95.92, 22.92)",
  "context.strokeStyle="#E2E3E3";",
  "context.lineWidth=0.4;",
  "context.strokeRect(480.04, 0.04000000000000001, 95.92, 22.92)",
  "context.strokeStyle="#E2E3E3";",
  "context.lineWidth=0.4;",
  "context.strokeRect(576.04, 0.04000000000000001, 95.92, 22.92)",
  "context.strokeStyle="#E2E3E3";",
  "context.lineWidth=0.4;",
  "context.strokeRect(672.04, 0.04000000000000001, 95.92, 22.92)",
  "context.strokeStyle="#E2E3E3";",
  "context.lineWidth=0.4;",
  "context.strokeRect(768.04, 0.04000000000000001, 95.92, 22.92)",
  "context.strokeStyle="#E2E3E3";",
  "context.lineWidth=0.4;",
  "context.strokeRect(864.04, 0.04000000000000001, 95.92, 22.92)",
  "context.strokeStyle="#E2E3E3";",
  "context.lineWidth=0.4;",
  "context.strokeRect(0.04000000000000001, 23.04, 95.92, 22.92)",
  "context.strokeStyle="#E2E3E3";",
  "context.lineWidth=0.4;",
  "context.strokeRect(96.04, 23.04, 95.92, 22.92)",
  "context.strokeStyle="#E2E3E3";",
  "context.lineWidth=0.4;",
  "context.strokeRect(192.04, 23.04, 95.92, 22.92)",
  "context.strokeStyle="#E2E3E3";",
  "context.lineWidth=0.4;",
  "context.strokeRect(288.04, 23.04, 95.92, 22.92)",
  "context.strokeStyle="#E2E3E3";",
  "context.lineWidth=0.4;",
  "context.strokeRect(384.04, 23.04, 95.92, 22.92)",
  "context.strokeStyle="#E2E3E3";",
  "context.lineWidth=0.4;",
  "context.strokeRect(480.04, 23.04, 95.92, 22.92)",
  "context.strokeStyle="#E2E3E3";",
  "context.lineWidth=0.4;",
  "context.strokeRect(576.04, 23.04, 95.92, 22.92)",
  "context.strokeStyle="#E2E3E3";",
  "context.lineWidth=0.4;",
  "context.strokeRect(672.04, 23.04, 95.92, 22.92)",
  "context.strokeStyle="#E2E3E3";",
  "context.lineWidth=0.4;",
  "context.strokeRect(768.04, 23.04, 95.92, 22.92)",
  "context.strokeStyle="#E2E3E3";",
  "context.lineWidth=0.4;",
  "context.strokeRect(864.04, 23.04, 95.92, 22.92)",
  "context.strokeStyle="#E2E3E3";",
  "context.lineWidth=0.4;",
  "context.strokeRect(0.04000000000000001, 46.04, 95.92, 22.92)",
  "context.strokeStyle="#E2E3E3";",
  "context.lineWidth=0.4;",
  "context.strokeRect(96.04, 46.04, 95.92, 22.92)",
  "context.strokeStyle="#E2E3E3";",
  "context.lineWidth=0.4;",
  "context.strokeRect(192.04, 46.04, 95.92, 22.92)",
  "context.strokeStyle="#E2E3E3";",
  "context.lineWidth=0.4;",
  "context.strokeRect(288.04, 46.04, 95.92, 22.92)",
  "context.strokeStyle="#E2E3E3";",
  "context.lineWidth=0.4;",
  "context.strokeRect(384.04, 46.04, 95.92, 22.92)",
  "context.strokeStyle="#E2E3E3";",
  "context.lineWidth=0.4;",
  "context.strokeRect(480.04, 46.04, 95.92, 22.92)",
  "context.strokeStyle="#E2E3E3";",
  "context.lineWidth=0.4;",
  "context.strokeRect(576.04, 46.04, 95.92, 22.92)",
  "context.strokeStyle="#E2E3E3";",
  "context.lineWidth=0.4;",
  "context.strokeRect(672.04, 46.04, 95.92, 22.92)",
  "context.strokeStyle="#E2E3E3";",
  "context.lineWidth=0.4;",
  "context.strokeRect(768.04, 46.04, 95.92, 22.92)",
  "context.strokeStyle="#E2E3E3";",
  "context.lineWidth=0.4;",
  "context.strokeRect(864.04, 46.04, 95.92, 22.92)",
  "context.strokeStyle="#E2E3E3";",
  "context.lineWidth=0.4;",
  "context.strokeRect(0.04000000000000001, 69.04, 95.92, 22.92)",
  "context.strokeStyle="#E2E3E3";",
  "context.lineWidth=0.4;",
  "context.strokeRect(96.04, 69.04, 95.92, 22.92)",
  "context.strokeStyle="#E2E3E3";",
  "context.lineWidth=0.4;",
  "context.strokeRect(192.04, 69.04, 95.92, 22.92)",
  "context.strokeStyle="#E2E3E3";",
  "context.lineWidth=0.4;",
  "context.strokeRect(288.04, 69.04, 95.92, 22.92)",
  "context.strokeStyle="#E2E3E3";",
  "context.lineWidth=0.4;",
  "context.strokeRect(384.04, 69.04, 95.92, 22.92)",
  "context.strokeStyle="#E2E3E3";",
  "context.lineWidth=0.4;",
  "context.strokeRect(480.04, 69.04, 95.92, 22.92)",
  "context.strokeStyle="#E2E3E3";",
  "context.lineWidth=0.4;",
  "context.strokeRect(576.04, 69.04, 95.92, 22.92)",
  "context.strokeStyle="#E2E3E3";",
  "context.lineWidth=0.4;",
  "context.strokeRect(672.04, 69.04, 95.92, 22.92)",
  "context.strokeStyle="#E2E3E3";",
  "context.lineWidth=0.4;",
  "context.strokeRect(768.04, 69.04, 95.92, 22.92)",
  "context.strokeStyle="#E2E3E3";",
  "context.lineWidth=0.4;",
  "context.strokeRect(864.04, 69.04, 95.92, 22.92)",
  "context.strokeStyle="#E2E3E3";",
  "context.lineWidth=0.4;",
  "context.strokeRect(0.04000000000000001, 92.04, 95.92, 22.92)",
  "context.strokeStyle="#E2E3E3";",
  "context.lineWidth=0.4;",
  "context.strokeRect(96.04, 92.04, 95.92, 22.92)",
  "context.strokeStyle="#E2E3E3";",
  "context.lineWidth=0.4;",
  "context.strokeRect(192.04, 92.04, 95.92, 22.92)",
  "context.strokeStyle="#E2E3E3";",
  "context.lineWidth=0.4;",
  "context.strokeRect(288.04, 92.04, 95.92, 22.92)",
  "context.strokeStyle="#E2E3E3";",
  "context.lineWidth=0.4;",
  "context.strokeRect(384.04, 92.04, 95.92, 22.92)",
  "context.strokeStyle="#E2E3E3";",
  "context.lineWidth=0.4;",
  "context.strokeRect(480.04, 92.04, 95.92, 22.92)",
  "context.strokeStyle="#E2E3E3";",
  "context.lineWidth=0.4;",
  "context.strokeRect(576.04, 92.04, 95.92, 22.92)",
  "context.strokeStyle="#E2E3E3";",
  "context.lineWidth=0.4;",
  "context.strokeRect(672.04, 92.04, 95.92, 22.92)",
  "context.strokeStyle="#E2E3E3";",
  "context.lineWidth=0.4;",
  "context.strokeRect(768.04, 92.04, 95.92, 22.92)",
  "context.strokeStyle="#E2E3E3";",
  "context.lineWidth=0.4;",
  "context.strokeRect(864.04, 92.04, 95.92, 22.92)",
  "context.strokeStyle="#E2E3E3";",
  "context.lineWidth=0.4;",
  "context.strokeRect(0.04000000000000001, 115.04, 95.92, 22.92)",
  "context.strokeStyle="#E2E3E3";",
  "context.lineWidth=0.4;",
  "context.strokeRect(96.04, 115.04, 95.92, 22.92)",
  "context.strokeStyle="#E2E3E3";",
  "context.lineWidth=0.4;",
  "context.strokeRect(192.04, 115.04, 95.92, 22.92)",
  "context.strokeStyle="#E2E3E3";",
  "context.lineWidth=0.4;",
  "context.strokeRect(288.04, 115.04, 95.92, 22.92)",
  "context.strokeStyle="#E2E3E3";",
  "context.lineWidth=0.4;",
  "context.strokeRect(384.04, 115.04, 95.92, 22.92)",
  "context.strokeStyle="#E2E3E3";",
  "context.lineWidth=0.4;",
  "context.strokeRect(480.04, 115.04, 95.92, 22.92)",
  "context.strokeStyle="#E2E3E3";",
  "context.lineWidth=0.4;",
  "context.strokeRect(576.04, 115.04, 95.92, 22.92)",
  "context.strokeStyle="#E2E3E3";",
  "context.lineWidth=0.4;",
  "context.strokeRect(672.04, 115.04, 95.92, 22.92)",
  "context.strokeStyle="#E2E3E3";",
  "context.lineWidth=0.4;",
  "context.strokeRect(768.04, 115.04, 95.92, 22.92)",
  "context.strokeStyle="#E2E3E3";",
  "context.lineWidth=0.4;",
  "context.strokeRect(864.04, 115.04, 95.92, 22.92)",
  "context.strokeStyle="#E2E3E3";",
  "context.lineWidth=0.4;",
  "context.strokeRect(0.04000000000000001, 138.04, 95.92, 22.92)",
  "context.strokeStyle="#E2E3E3";",
  "context.lineWidth=0.4;",
  "context.strokeRect(96.04, 138.04, 95.92, 22.92)",
  "context.strokeStyle="#E2E3E3";",
  "context.lineWidth=0.4;",
  "context.strokeRect(192.04, 138.04, 95.92, 22.92)",
  "context.strokeStyle="#E2E3E3";",
  "context.lineWidth=0.4;",
  "context.strokeRect(288.04, 138.04, 95.92, 22.92)",
  "context.strokeStyle="#E2E3E3";",
  "context.lineWidth=0.4;",
  "context.strokeRect(384.04, 138.04, 95.92, 22.92)",
  "context.strokeStyle="#E2E3E3";",
  "context.lineWidth=0.4;",
  "context.strokeRect(480.04, 138.04, 95.92, 22.92)",
  "context.strokeStyle="#E2E3E3";",
  "context.lineWidth=0.4;",
  "context.strokeRect(576.04, 138.04, 95.92, 22.92)",
  "context.strokeStyle="#E2E3E3";",
  "context.lineWidth=0.4;",
  "context.strokeRect(672.04, 138.04, 95.92, 22.92)",
  "context.strokeStyle="#E2E3E3";",
  "context.lineWidth=0.4;",
  "context.strokeRect(768.04, 138.04, 95.92, 22.92)",
  "context.strokeStyle="#E2E3E3";",
  "context.lineWidth=0.4;",
  "context.strokeRect(864.04, 138.04, 95.92, 22.92)",
  "context.strokeStyle="#E2E3E3";",
  "context.lineWidth=0.4;",
  "context.strokeRect(0.04000000000000001, 161.04, 95.92, 22.92)",
  "context.strokeStyle="#E2E3E3";",
  "context.lineWidth=0.4;",
  "context.strokeRect(96.04, 161.04, 95.92, 22.92)",
  "context.strokeStyle="#E2E3E3";",
  "context.lineWidth=0.4;",
  "context.strokeRect(192.04, 161.04, 95.92, 22.92)",
  "context.strokeStyle="#E2E3E3";",
  "context.lineWidth=0.4;",
  "context.strokeRect(288.04, 161.04, 95.92, 22.92)",
  "context.strokeStyle="#E2E3E3";",
  "context.lineWidth=0.4;",
  "context.strokeRect(384.04, 161.04, 95.92, 22.92)",
  "context.strokeStyle="#E2E3E3";",
  "context.lineWidth=0.4;",
  "context.strokeRect(480.04, 161.04, 95.92, 22.92)",
  "context.strokeStyle="#E2E3E3";",
  "context.lineWidth=0.4;",
  "context.strokeRect(576.04, 161.04, 95.92, 22.92)",
  "context.strokeStyle="#E2E3E3";",
  "context.lineWidth=0.4;",
  "context.strokeRect(672.04, 161.04, 95.92, 22.92)",
  "context.strokeStyle="#E2E3E3";",
  "context.lineWidth=0.4;",
  "context.strokeRect(768.04, 161.04, 95.92, 22.92)",
  "context.strokeStyle="#E2E3E3";",
  "context.lineWidth=0.4;",
  "context.strokeRect(864.04, 161.04, 95.92, 22.92)",
  "context.strokeStyle="#E2E3E3";",
  "context.lineWidth=0.4;",
  "context.strokeRect(0.04000000000000001, 184.04, 95.92, 22.92)",
  "context.strokeStyle="#E2E3E3";",
  "context.lineWidth=0.4;",
  "context.strokeRect(96.04, 184.04, 95.92, 22.92)",
  "context.strokeStyle="#E2E3E3";",
  "context.lineWidth=0.4;",
  "context.strokeRect(192.04, 184.04, 95.92, 22.92)",
  "context.strokeStyle="#E2E3E3";",
  "context.lineWidth=0.4;",
  "context.strokeRect(288.04, 184.04, 95.92, 22.92)",
  "context.strokeStyle="#E2E3E3";",
  "context.lineWidth=0.4;",
  "context.strokeRect(384.04, 184.04, 95.92, 22.92)",
  "context.strokeStyle="#E2E3E3";",
  "context.lineWidth=0.4;",
  "context.strokeRect(480.04, 184.04, 95.92, 22.92)",
  "context.strokeStyle="#E2E3E3";",
  "context.lineWidth=0.4;",
  "context.strokeRect(576.04, 184.04, 95.92, 22.92)",
  "context.strokeStyle="#E2E3E3";",
  "context.lineWidth=0.4;",
  "context.strokeRect(672.04, 184.04, 95.92, 22.92)",
  "context.strokeStyle="#E2E3E3";",
  "context.lineWidth=0.4;",
  "context.strokeRect(768.04, 184.04, 95.92, 22.92)",
  "context.strokeStyle="#E2E3E3";",
  "context.lineWidth=0.4;",
  "context.strokeRect(864.04, 184.04, 95.92, 22.92)",
  "context.strokeStyle="#E2E3E3";",
  "context.lineWidth=0.4;",
  "context.strokeRect(0.04000000000000001, 207.04, 95.92, 22.92)",
  "context.strokeStyle="#E2E3E3";",
  "context.lineWidth=0.4;",
  "context.strokeRect(96.04, 207.04, 95.92, 22.92)",
  "context.strokeStyle="#E2E3E3";",
  "context.lineWidth=0.4;",
  "context.strokeRect(192.04, 207.04, 95.92, 22.92)",
  "context.strokeStyle="#E2E3E3";",
  "context.lineWidth=0.4;",
  "context.strokeRect(288.04, 207.04, 95.92, 22.92)",
  "context.strokeStyle="#E2E3E3";",
  "context.lineWidth=0.4;",
  "context.strokeRect(384.04, 207.04, 95.92, 22.92)",
  "context.strokeStyle="#E2E3E3";",
  "context.lineWidth=0.4;",
  "context.strokeRect(480.04, 207.04, 95.92, 22.92)",
  "context.strokeStyle="#E2E3E3";",
  "context.lineWidth=0.4;",
  "context.strokeRect(576.04, 207.04, 95.92, 22.92)",
  "context.strokeStyle="#E2E3E3";",
  "context.lineWidth=0.4;",
  "context.strokeRect(672.04, 207.04, 95.92, 22.92)",
  "context.strokeStyle="#E2E3E3";",
  "context.lineWidth=0.4;",
  "context.strokeRect(768.04, 207.04, 95.92, 22.92)",
  "context.strokeStyle="#E2E3E3";",
  "context.lineWidth=0.4;",
  "context.strokeRect(864.04, 207.04, 95.92, 22.92)",
  "context.strokeStyle="#E2E3E3";",
  "context.lineWidth=0.4;",
  "context.strokeRect(0.04000000000000001, 230.04, 95.92, 22.92)",
  "context.strokeStyle="#E2E3E3";",
  "context.lineWidth=0.4;",
  "context.strokeRect(96.04, 230.04, 95.92, 22.92)",
  "context.strokeStyle="#E2E3E3";",
  "context.lineWidth=0.4;",
  "context.strokeRect(192.04, 230.04, 95.92, 22.92)",
  "context.strokeStyle="#E2E3E3";",
  "context.lineWidth=0.4;",
  "context.strokeRect(288.04, 230.04, 95.92, 22.92)",
  "context.strokeStyle="#E2E3E3";",
  "context.lineWidth=0.4;",
  "context.strokeRect(384.04, 230.04, 95.92, 22.92)",
  "context.strokeStyle="#E2E3E3";",
  "context.lineWidth=0.4;",
  "context.strokeRect(480.04, 230.04, 95.92, 22.92)",
  "context.strokeStyle="#E2E3E3";",
  "context.lineWidth=0.4;",
  "context.strokeRect(576.04, 230.04, 95.92, 22.92)",
  "context.strokeStyle="#E2E3E3";",
  "context.lineWidth=0.4;",
  "context.strokeRect(672.04, 230.04, 95.92, 22.92)",
  "context.strokeStyle="#E2E3E3";",
  "context.lineWidth=0.4;",
  "context.strokeRect(768.04, 230.04, 95.92, 22.92)",
  "context.strokeStyle="#E2E3E3";",
  "context.lineWidth=0.4;",
  "context.strokeRect(864.04, 230.04, 95.92, 22.92)",
  "context.strokeStyle="#E2E3E3";",
  "context.lineWidth=0.4;",
  "context.strokeRect(0.04000000000000001, 253.04, 95.92, 22.92)",
  "context.strokeStyle="#E2E3E3";",
  "context.lineWidth=0.4;",
  "context.strokeRect(96.04, 253.04, 95.92, 22.92)",
  "context.strokeStyle="#E2E3E3";",
  "context.lineWidth=0.4;",
  "context.strokeRect(192.04, 253.04, 95.92, 22.92)",
  "context.strokeStyle="#E2E3E3";",
  "context.lineWidth=0.4;",
  "context.strokeRect(288.04, 253.04, 95.92, 22.92)",
  "context.strokeStyle="#E2E3E3";",
  "context.lineWidth=0.4;",
  "context.strokeRect(384.04, 253.04, 95.92, 22.92)",
  "context.strokeStyle="#E2E3E3";",
  "context.lineWidth=0.4;",
  "context.strokeRect(480.04, 253.04, 95.92, 22.92)",
  "context.strokeStyle="#E2E3E3";",
  "context.lineWidth=0.4;",
  "context.strokeRect(576.04, 253.04, 95.92, 22.92)",
  "context.strokeStyle="#E2E3E3";",
  "context.lineWidth=0.4;",
  "context.strokeRect(672.04, 253.04, 95.92, 22.92)",
  "context.strokeStyle="#E2E3E3";",
  "context.lineWidth=0.4;",
  "context.strokeRect(768.04, 253.04, 95.92, 22.92)",
  "context.strokeStyle="#E2E3E3";",
  "context.lineWidth=0.4;",
  "context.strokeRect(864.04, 253.04, 95.92, 22.92)",
  "context.strokeStyle="#E2E3E3";",
  "context.lineWidth=0.4;",
  "context.strokeRect(0.04000000000000001, 276.04, 95.92, 22.92)",
  "context.strokeStyle="#E2E3E3";",
  "context.lineWidth=0.4;",
  "context.strokeRect(96.04, 276.04, 95.92, 22.92)",
  "context.strokeStyle="#E2E3E3";",
  "context.lineWidth=0.4;",
  "context.strokeRect(192.04, 276.04, 95.92, 22.92)",
  "context.strokeStyle="#E2E3E3";",
  "context.lineWidth=0.4;",
  "context.strokeRect(288.04, 276.04, 95.92, 22.92)",
  "context.strokeStyle="#E2E3E3";",
  "context.lineWidth=0.4;",
  "context.strokeRect(384.04, 276.04, 95.92, 22.92)",
  "context.strokeStyle="#E2E3E3";",
  "context.lineWidth=0.4;",
  "context.strokeRect(480.04, 276.04, 95.92, 22.92)",
  "context.strokeStyle="#E2E3E3";",
  "context.lineWidth=0.4;",
  "context.strokeRect(576.04, 276.04, 95.92, 22.92)",
  "context.strokeStyle="#E2E3E3";",
  "context.lineWidth=0.4;",
  "context.strokeRect(672.04, 276.04, 95.92, 22.92)",
  "context.strokeStyle="#E2E3E3";",
  "context.lineWidth=0.4;",
  "context.strokeRect(768.04, 276.04, 95.92, 22.92)",
  "context.strokeStyle="#E2E3E3";",
  "context.lineWidth=0.4;",
  "context.strokeRect(864.04, 276.04, 95.92, 22.92)",
  "context.strokeStyle="#E2E3E3";",
  "context.lineWidth=0.4;",
  "context.strokeRect(0.04000000000000001, 299.04, 95.92, 22.92)",
  "context.strokeStyle="#E2E3E3";",
  "context.lineWidth=0.4;",
  "context.strokeRect(96.04, 299.04, 95.92, 22.92)",
  "context.strokeStyle="#E2E3E3";",
  "context.lineWidth=0.4;",
  "context.strokeRect(192.04, 299.04, 95.92, 22.92)",
  "context.strokeStyle="#E2E3E3";",
  "context.lineWidth=0.4;",
  "context.strokeRect(288.04, 299.04, 95.92, 22.92)",
  "context.strokeStyle="#E2E3E3";",
  "context.lineWidth=0.4;",
  "context.strokeRect(384.04, 299.04, 95.92, 22.92)",
  "context.strokeStyle="#E2E3E3";",
  "context.lineWidth=0.4;",
  "context.strokeRect(480.04, 299.04, 95.92, 22.92)",
  "context.strokeStyle="#E2E3E3";",
  "context.lineWidth=0.4;",
  "context.strokeRect(576.04, 299.04, 95.92, 22.92)",
  "context.strokeStyle="#E2E3E3";",
  "context.lineWidth=0.4;",
  "context.strokeRect(672.04, 299.04, 95.92, 22.92)",
  "context.strokeStyle="#E2E3E3";",
  "context.lineWidth=0.4;",
  "context.strokeRect(768.04, 299.04, 95.92, 22.92)",
  "context.strokeStyle="#E2E3E3";",
  "context.lineWidth=0.4;",
  "context.strokeRect(864.04, 299.04, 95.92, 22.92)",
  "context.strokeStyle="#E2E3E3";",
  "context.lineWidth=0.4;",
  "context.strokeRect(0.04000000000000001, 322.04, 95.92, 22.92)",
  "context.strokeStyle="#E2E3E3";",
  "context.lineWidth=0.4;",
  "context.strokeRect(96.04, 322.04, 95.92, 22.92)",
  "context.strokeStyle="#E2E3E3";",
  "context.lineWidth=0.4;",
  "context.strokeRect(192.04, 322.04, 95.92, 22.92)",
  "context.strokeStyle="#E2E3E3";",
  "context.lineWidth=0.4;",
  "context.strokeRect(288.04, 322.04, 95.92, 22.92)",
  "context.strokeStyle="#E2E3E3";",
  "context.lineWidth=0.4;",
  "context.strokeRect(384.04, 322.04, 95.92, 22.92)",
  "context.strokeStyle="#E2E3E3";",
  "context.lineWidth=0.4;",
  "context.strokeRect(480.04, 322.04, 95.92, 22.92)",
  "context.strokeStyle="#E2E3E3";",
  "context.lineWidth=0.4;",
  "context.strokeRect(576.04, 322.04, 95.92, 22.92)",
  "context.strokeStyle="#E2E3E3";",
  "context.lineWidth=0.4;",
  "context.strokeRect(672.04, 322.04, 95.92, 22.92)",
  "context.strokeStyle="#E2E3E3";",
  "context.lineWidth=0.4;",
  "context.strokeRect(768.04, 322.04, 95.92, 22.92)",
  "context.strokeStyle="#E2E3E3";",
  "context.lineWidth=0.4;",
  "context.strokeRect(864.04, 322.04, 95.92, 22.92)",
  "context.strokeStyle="#E2E3E3";",
  "context.lineWidth=0.4;",
  "context.strokeRect(0.04000000000000001, 345.04, 95.92, 22.92)",
  "context.strokeStyle="#E2E3E3";",
  "context.lineWidth=0.4;",
  "context.strokeRect(96.04, 345.04, 95.92, 22.92)",
  "context.strokeStyle="#E2E3E3";",
  "context.lineWidth=0.4;",
  "context.strokeRect(192.04, 345.04, 95.92, 22.92)",
  "context.strokeStyle="#E2E3E3";",
  "context.lineWidth=0.4;",
  "context.strokeRect(288.04, 345.04, 95.92, 22.92)",
  "context.strokeStyle="#E2E3E3";",
  "context.lineWidth=0.4;",
  "context.strokeRect(384.04, 345.04, 95.92, 22.92)",
  "context.strokeStyle="#E2E3E3";",
  "context.lineWidth=0.4;",
  "context.strokeRect(480.04, 345.04, 95.92, 22.92)",
  "context.strokeStyle="#E2E3E3";",
  "context.lineWidth=0.4;",
  "context.strokeRect(576.04, 345.04, 95.92, 22.92)",
  "context.strokeStyle="#E2E3E3";",
  "context.lineWidth=0.4;",
  "context.strokeRect(672.04, 345.04, 95.92, 22.92)",
  "context.strokeStyle="#E2E3E3";",
  "context.lineWidth=0.4;",
  "context.strokeRect(768.04, 345.04, 95.92, 22.92)",
  "context.strokeStyle="#E2E3E3";",
  "context.lineWidth=0.4;",
  "context.strokeRect(864.04, 345.04, 95.92, 22.92)",
  "context.strokeStyle="#E2E3E3";",
  "context.lineWidth=0.4;",
  "context.strokeRect(0.04000000000000001, 368.04, 95.92, 22.92)",
  "context.strokeStyle="#E2E3E3";",
  "context.lineWidth=0.4;",
  "context.strokeRect(96.04, 368.04, 95.92, 22.92)",
  "context.strokeStyle="#E2E3E3";",
  "context.lineWidth=0.4;",
  "context.strokeRect(192.04, 368.04, 95.92, 22.92)",
  "context.strokeStyle="#E2E3E3";",
  "context.lineWidth=0.4;",
  "context.strokeRect(288.04, 368.04, 95.92, 22.92)",
  "context.strokeStyle="#E2E3E3";",
  "context.lineWidth=0.4;",
  "context.strokeRect(384.04, 368.04, 95.92, 22.92)",
  "context.strokeStyle="#E2E3E3";",
  "context.lineWidth=0.4;",
  "context.strokeRect(480.04, 368.04, 95.92, 22.92)",
  "context.strokeStyle="#E2E3E3";",
  "context.lineWidth=0.4;",
  "context.strokeRect(576.04, 368.04, 95.92, 22.92)",
  "context.strokeStyle="#E2E3E3";",
  "context.lineWidth=0.4;",
  "context.strokeRect(672.04, 368.04, 95.92, 22.92)",
  "context.strokeStyle="#E2E3E3";",
  "context.lineWidth=0.4;",
  "context.strokeRect(768.04, 368.04, 95.92, 22.92)",
  "context.strokeStyle="#E2E3E3";",
  "context.lineWidth=0.4;",
  "context.strokeRect(864.04, 368.04, 95.92, 22.92)",
  "context.strokeStyle="#E2E3E3";",
  "context.lineWidth=0.4;",
  "context.strokeRect(0.04000000000000001, 391.04, 95.92, 22.92)",
  "context.strokeStyle="#E2E3E3";",
  "context.lineWidth=0.4;",
  "context.strokeRect(96.04, 391.04, 95.92, 22.92)",
  "context.strokeStyle="#E2E3E3";",
  "context.lineWidth=0.4;",
  "context.strokeRect(192.04, 391.04, 95.92, 22.92)",
  "context.strokeStyle="#E2E3E3";",
  "context.lineWidth=0.4;",
  "context.strokeRect(288.04, 391.04, 95.92, 22.92)",
  "context.strokeStyle="#E2E3E3";",
  "context.lineWidth=0.4;",
  "context.strokeRect(384.04, 391.04, 95.92, 22.92)",
  "context.strokeStyle="#E2E3E3";",
  "context.lineWidth=0.4;",
  "context.strokeRect(480.04, 391.04, 95.92, 22.92)",
  "context.strokeStyle="#E2E3E3";",
  "context.lineWidth=0.4;",
  "context.strokeRect(576.04, 391.04, 95.92, 22.92)",
  "context.strokeStyle="#E2E3E3";",
  "context.lineWidth=0.4;",
  "context.strokeRect(672.04, 391.04, 95.92, 22.92)",
  "context.strokeStyle="#E2E3E3";",
  "context.lineWidth=0.4;",
  "context.strokeRect(768.04, 391.04, 95.92, 22.92)",
  "context.strokeStyle="#E2E3E3";",
  "context.lineWidth=0.4;",
  "context.strokeRect(864.04, 391.04, 95.92, 22.92)",
  "context.strokeStyle="#E2E3E3";",
  "context.lineWidth=0.4;",
  "context.strokeRect(0.04000000000000001, 414.04, 95.92, 22.92)",
  "context.strokeStyle="#E2E3E3";",
  "context.lineWidth=0.4;",
  "context.strokeRect(96.04, 414.04, 95.92, 22.92)",
  "context.strokeStyle="#E2E3E3";",
  "context.lineWidth=0.4;",
  "context.strokeRect(192.04, 414.04, 95.92, 22.92)",
  "context.strokeStyle="#E2E3E3";",
  "context.lineWidth=0.4;",
  "context.strokeRect(288.04, 414.04, 95.92, 22.92)",
  "context.strokeStyle="#E2E3E3";",
  "context.lineWidth=0.4;",
  "context.strokeRect(384.04, 414.04, 95.92, 22.92)",
  "context.strokeStyle="#E2E3E3";",
  "context.lineWidth=0.4;",
  "context.strokeRect(480.04, 414.04, 95.92, 22.92)",
  "context.strokeStyle="#E2E3E3";",
  "context.lineWidth=0.4;",
  "context.strokeRect(576.04, 414.04, 95.92, 22.92)",
  "context.strokeStyle="#E2E3E3";",
  "context.lineWidth=0.4;",
  "context.strokeRect(672.04, 414.04, 95.92, 22.92)",
  "context.strokeStyle="#E2E3E3";",
  "context.lineWidth=0.4;",
  "context.strokeRect(768.04, 414.04, 95.92, 22.92)",
  "context.strokeStyle="#E2E3E3";",
  "context.lineWidth=0.4;",
  "context.strokeRect(864.04, 414.04, 95.92, 22.92)",
  "context.strokeStyle="#E2E3E3";",
  "context.lineWidth=0.4;",
  "context.strokeRect(0.04000000000000001, 437.04, 95.92, 22.92)",
  "context.strokeStyle="#E2E3E3";",
  "context.lineWidth=0.4;",
  "context.strokeRect(96.04, 437.04, 95.92, 22.92)",
  "context.strokeStyle="#E2E3E3";",
  "context.lineWidth=0.4;",
  "context.strokeRect(192.04, 437.04, 95.92, 22.92)",
  "context.strokeStyle="#E2E3E3";",
  "context.lineWidth=0.4;",
  "context.strokeRect(288.04, 437.04, 95.92, 22.92)",
  "context.strokeStyle="#E2E3E3";",
  "context.lineWidth=0.4;",
  "context.strokeRect(384.04, 437.04, 95.92, 22.92)",
  "context.strokeStyle="#E2E3E3";",
  "context.lineWidth=0.4;",
  "context.strokeRect(480.04, 437.04, 95.92, 22.92)",
  "context.strokeStyle="#E2E3E3";",
  "context.lineWidth=0.4;",
  "context.strokeRect(576.04, 437.04, 95.92, 22.92)",
  "context.strokeStyle="#E2E3E3";",
  "context.lineWidth=0.4;",
  "context.strokeRect(672.04, 437.04, 95.92, 22.92)",
  "context.strokeStyle="#E2E3E3";",
  "context.lineWidth=0.4;",
  "context.strokeRect(768.04, 437.04, 95.92, 22.92)",
  "context.strokeStyle="#E2E3E3";",
  "context.lineWidth=0.4;",
  "context.strokeRect(864.04, 437.04, 95.92, 22.92)",
  "context.strokeStyle="#E2E3E3";",
  "context.lineWidth=0.4;",
  "context.strokeRect(0.04000000000000001, 460.04, 95.92, 22.92)",
  "context.strokeStyle="#E2E3E3";",
  "context.lineWidth=0.4;",
  "context.strokeRect(96.04, 460.04, 95.92, 22.92)",
  "context.strokeStyle="#E2E3E3";",
  "context.lineWidth=0.4;",
  "context.strokeRect(192.04, 460.04, 95.92, 22.92)",
  "context.strokeStyle="#E2E3E3";",
  "context.lineWidth=0.4;",
  "context.strokeRect(288.04, 460.04, 95.92, 22.92)",
  "context.strokeStyle="#E2E3E3";",
  "context.lineWidth=0.4;",
  "context.strokeRect(384.04, 460.04, 95.92, 22.92)",
  "context.strokeStyle="#E2E3E3";",
  "context.lineWidth=0.4;",
  "context.strokeRect(480.04, 460.04, 95.92, 22.92)",
  "context.strokeStyle="#E2E3E3";",
  "context.lineWidth=0.4;",
  "context.strokeRect(576.04, 460.04, 95.92, 22.92)",
  "context.strokeStyle="#E2E3E3";",
  "context.lineWidth=0.4;",
  "context.strokeRect(672.04, 460.04, 95.92, 22.92)",
  "context.strokeStyle="#E2E3E3";",
  "context.lineWidth=0.4;",
  "context.strokeRect(768.04, 460.04, 95.92, 22.92)",
  "context.strokeStyle="#E2E3E3";",
  "context.lineWidth=0.4;",
  "context.strokeRect(864.04, 460.04, 95.92, 22.92)",
  "context.strokeStyle="#E2E3E3";",
  "context.lineWidth=0.4;",
  "context.strokeRect(0.04000000000000001, 483.04, 95.92, 22.92)",
  "context.strokeStyle="#E2E3E3";",
  "context.lineWidth=0.4;",
  "context.strokeRect(96.04, 483.04, 95.92, 22.92)",
  "context.strokeStyle="#E2E3E3";",
  "context.lineWidth=0.4;",
  "context.strokeRect(192.04, 483.04, 95.92, 22.92)",
  "context.strokeStyle="#E2E3E3";",
  "context.lineWidth=0.4;",
  "context.strokeRect(288.04, 483.04, 95.92, 22.92)",
  "context.strokeStyle="#E2E3E3";",
  "context.lineWidth=0.4;",
  "context.strokeRect(384.04, 483.04, 95.92, 22.92)",
  "context.strokeStyle="#E2E3E3";",
  "context.lineWidth=0.4;",
  "context.strokeRect(480.04, 483.04, 95.92, 22.92)",
  "context.strokeStyle="#E2E3E3";",
  "context.lineWidth=0.4;",
  "context.strokeRect(576.04, 483.04, 95.92, 22.92)",
  "context.strokeStyle="#E2E3E3";",
  "context.lineWidth=0.4;",
  "context.strokeRect(672.04, 483.04, 95.92, 22.92)",
  "context.strokeStyle="#E2E3E3";",
  "context.lineWidth=0.4;",
  "context.strokeRect(768.04, 483.04, 95.92, 22.92)",
  "context.strokeStyle="#E2E3E3";",
  "context.lineWidth=0.4;",
  "context.strokeRect(864.04, 483.04, 95.92, 22.92)",
  "context.strokeStyle="#E2E3E3";",
  "context.lineWidth=0.4;",
  "context.strokeRect(0.04000000000000001, 506.04, 95.92, 22.92)",
  "context.strokeStyle="#E2E3E3";",
  "context.lineWidth=0.4;",
  "context.strokeRect(96.04, 506.04, 95.92, 22.92)",
  "context.strokeStyle="#E2E3E3";",
  "context.lineWidth=0.4;",
  "context.strokeRect(192.04, 506.04, 95.92, 22.92)",
  "context.strokeStyle="#E2E3E3";",
  "context.lineWidth=0.4;",
  "context.strokeRect(288.04, 506.04, 95.92, 22.92)",
  "context.strokeStyle="#E2E3E3";",
  "context.lineWidth=0.4;",
  "context.strokeRect(384.04, 506.04, 95.92, 22.92)",
  "context.strokeStyle="#E2E3E3";",
  "context.lineWidth=0.4;",
  "context.strokeRect(480.04, 506.04, 95.92, 22.92)",
  "context.strokeStyle="#E2E3E3";",
  "context.lineWidth=0.4;",
  "context.strokeRect(576.04, 506.04, 95.92, 22.92)",
  "context.strokeStyle="#E2E3E3";",
  "context.lineWidth=0.4;",
  "context.strokeRect(672.04, 506.04, 95.92, 22.92)",
  "context.strokeStyle="#E2E3E3";",
  "context.lineWidth=0.4;",
  "context.strokeRect(768.04, 506.04, 95.92, 22.92)",
  "context.strokeStyle="#E2E3E3";",
  "context.lineWidth=0.4;",
  "context.strokeRect(864.04, 506.04, 95.92, 22.92)",
  "context.strokeStyle="#E2E3E3";",
  "context.lineWidth=0.4;",
  "context.strokeRect(0.04000000000000001, 529.04, 95.92, 22.92)",
  "context.strokeStyle="#E2E3E3";",
  "context.lineWidth=0.4;",
  "context.strokeRect(96.04, 529.04, 95.92, 22.92)",
  "context.strokeStyle="#E2E3E3";",
  "context.lineWidth=0.4;",
  "context.strokeRect(192.04, 529.04, 95.92, 22.92)",
  "context.strokeStyle="#E2E3E3";",
  "context.lineWidth=0.4;",
  "context.strokeRect(288.04, 529.04, 95.92, 22.92)",
  "context.strokeStyle="#E2E3E3";",
  "context.lineWidth=0.4;",
  "context.strokeRect(384.04, 529.04, 95.92, 22.92)",
  "context.strokeStyle="#E2E3E3";",
  "context.lineWidth=0.4;",
  "context.strokeRect(480.04, 529.04, 95.92, 22.92)",
  "context.strokeStyle="#E2E3E3";",
  "context.lineWidth=0.4;",
  "context.strokeRect(576.04, 529.04, 95.92, 22.92)",
  "context.strokeStyle="#E2E3E3";",
  "context.lineWidth=0.4;",
  "context.strokeRect(672.04, 529.04, 95.92, 22.92)",
  "context.strokeStyle="#E2E3E3";",
  "context.lineWidth=0.4;",
  "context.strokeRect(768.04, 529.04, 95.92, 22.92)",
  "context.strokeStyle="#E2E3E3";",
  "context.lineWidth=0.4;",
  "context.strokeRect(864.04, 529.04, 95.92, 22.92)",
  "context.strokeStyle="#E2E3E3";",
  "context.lineWidth=0.4;",
  "context.strokeRect(0.04000000000000001, 552.04, 95.92, 22.92)",
  "context.strokeStyle="#E2E3E3";",
  "context.lineWidth=0.4;",
  "context.strokeRect(96.04, 552.04, 95.92, 22.92)",
  "context.strokeStyle="#E2E3E3";",
  "context.lineWidth=0.4;",
  "context.strokeRect(192.04, 552.04, 95.92, 22.92)",
  "context.strokeStyle="#E2E3E3";",
  "context.lineWidth=0.4;",
  "context.strokeRect(288.04, 552.04, 95.92, 22.92)",
  "context.strokeStyle="#E2E3E3";",
  "context.lineWidth=0.4;",
  "context.strokeRect(384.04, 552.04, 95.92, 22.92)",
  "context.strokeStyle="#E2E3E3";",
  "context.lineWidth=0.4;",
  "context.strokeRect(480.04, 552.04, 95.92, 22.92)",
  "context.strokeStyle="#E2E3E3";",
  "context.lineWidth=0.4;",
  "context.strokeRect(576.04, 552.04, 95.92, 22.92)",
  "context.strokeStyle="#E2E3E3";",
  "context.lineWidth=0.4;",
  "context.strokeRect(672.04, 552.04, 95.92, 22.92)",
  "context.strokeStyle="#E2E3E3";",
  "context.lineWidth=0.4;",
  "context.strokeRect(768.04, 552.04, 95.92, 22.92)",
  "context.strokeStyle="#E2E3E3";",
  "context.lineWidth=0.4;",
  "context.strokeRect(864.04, 552.04, 95.92, 22.92)",
  "context.strokeStyle="#E2E3E3";",
  "context.lineWidth=0.4;",
  "context.strokeRect(0.04000000000000001, 575.04, 95.92, 22.92)",
  "context.strokeStyle="#E2E3E3";",
  "context.lineWidth=0.4;",
  "context.strokeRect(96.04, 575.04, 95.92, 22.92)",
  "context.strokeStyle="#E2E3E3";",
  "context.lineWidth=0.4;",
  "context.strokeRect(192.04, 575.04, 95.92, 22.92)",
  "context.strokeStyle="#E2E3E3";",
  "context.lineWidth=0.4;",
  "context.strokeRect(288.04, 575.04, 95.92, 22.92)",
  "context.strokeStyle="#E2E3E3";",
  "context.lineWidth=0.4;",
  "context.strokeRect(384.04, 575.04, 95.92, 22.92)",
  "context.strokeStyle="#E2E3E3";",
  "context.lineWidth=0.4;",
  "context.strokeRect(480.04, 575.04, 95.92, 22.92)",
  "context.strokeStyle="#E2E3E3";",
  "context.lineWidth=0.4;",
  "context.strokeRect(576.04, 575.04, 95.92, 22.92)",
  "context.strokeStyle="#E2E3E3";",
  "context.lineWidth=0.4;",
  "context.strokeRect(672.04, 575.04, 95.92, 22.92)",
  "context.strokeStyle="#E2E3E3";",
  "context.lineWidth=0.4;",
  "context.strokeRect(768.04, 575.04, 95.92, 22.92)",
  "context.strokeStyle="#E2E3E3";",
  "context.lineWidth=0.4;",
  "context.strokeRect(864.04, 575.04, 95.92, 22.92)",
  "context.strokeStyle="#E2E3E3";",
  "context.lineWidth=0.4;",
  "context.strokeRect(0.04000000000000001, 598.04, 95.92, 22.92)",
  "context.strokeStyle="#E2E3E3";",
  "context.lineWidth=0.4;",
  "context.strokeRect(96.04, 598.04, 95.92, 22.92)",
  "context.strokeStyle="#E2E3E3";",
  "context.lineWidth=0.4;",
  "context.strokeRect(192.04, 598.04, 95.92, 22.92)",
  "context.strokeStyle="#E2E3E3";",
  "context.lineWidth=0.4;",
  "context.strokeRect(288.04, 598.04, 95.92, 22.92)",
  "context.strokeStyle="#E2E3E3";",
  "context.lineWidth=0.4;",
  "context.strokeRect(384.04, 598.04, 95.92, 22.92)",
  "context.strokeStyle="#E2E3E3";",
  "context.lineWidth=0.4;",
  "context.strokeRect(480.04, 598.04, 95.92, 22.92)",
  "context.strokeStyle="#E2E3E3";",
  "context.lineWidth=0.4;",
  "context.strokeRect(576.04, 598.04, 95.92, 22.92)",
  "context.strokeStyle="#E2E3E3";",
  "context.lineWidth=0.4;",
  "context.strokeRect(672.04, 598.04, 95.92, 22.92)",
  "context.strokeStyle="#E2E3E3";",
  "context.lineWidth=0.4;",
  "context.strokeRect(768.04, 598.04, 95.92, 22.92)",
  "context.strokeStyle="#E2E3E3";",
  "context.lineWidth=0.4;",
  "context.strokeRect(864.04, 598.04, 95.92, 22.92)",
  "context.strokeStyle="#E2E3E3";",
  "context.lineWidth=0.4;",
  "context.strokeRect(0.04000000000000001, 621.04, 95.92, 22.92)",
  "context.strokeStyle="#E2E3E3";",
  "context.lineWidth=0.4;",
  "context.strokeRect(96.04, 621.04, 95.92, 22.92)",
  "context.strokeStyle="#E2E3E3";",
  "context.lineWidth=0.4;",
  "context.strokeRect(192.04, 621.04, 95.92, 22.92)",
  "context.strokeStyle="#E2E3E3";",
  "context.lineWidth=0.4;",
  "context.strokeRect(288.04, 621.04, 95.92, 22.92)",
  "context.strokeStyle="#E2E3E3";",
  "context.lineWidth=0.4;",
  "context.strokeRect(384.04, 621.04, 95.92, 22.92)",
  "context.strokeStyle="#E2E3E3";",
  "context.lineWidth=0.4;",
  "context.strokeRect(480.04, 621.04, 95.92, 22.92)",
  "context.strokeStyle="#E2E3E3";",
  "context.lineWidth=0.4;",
  "context.strokeRect(576.04, 621.04, 95.92, 22.92)",
  "context.strokeStyle="#E2E3E3";",
  "context.lineWidth=0.4;",
  "context.strokeRect(672.04, 621.04, 95.92, 22.92)",
  "context.strokeStyle="#E2E3E3";",
  "context.lineWidth=0.4;",
  "context.strokeRect(768.04, 621.04, 95.92, 22.92)",
  "context.strokeStyle="#E2E3E3";",
  "context.lineWidth=0.4;",
  "context.strokeRect(864.04, 621.04, 95.92, 22.92)",
  "context.strokeStyle="#E2E3E3";",
  "context.lineWidth=0.4;",
  "context.strokeRect(0.04000000000000001, 644.04, 95.92, 22.92)",
  "context.strokeStyle="#E2E3E3";",
  "context.lineWidth=0.4;",
  "context.strokeRect(96.04, 644.04, 95.92, 22.92)",
  "context.strokeStyle="#E2E3E3";",
  "context.lineWidth=0.4;",
  "context.strokeRect(192.04, 644.04, 95.92, 22.92)",
  "context.strokeStyle="#E2E3E3";",
  "context.lineWidth=0.4;",
  "context.strokeRect(288.04, 644.04, 95.92, 22.92)",
  "context.strokeStyle="#E2E3E3";",
  "context.lineWidth=0.4;",
  "context.strokeRect(384.04, 644.04, 95.92, 22.92)",
  "context.strokeStyle="#E2E3E3";",
  "context.lineWidth=0.4;",
  "context.strokeRect(480.04, 644.04, 95.92, 22.92)",
  "context.strokeStyle="#E2E3E3";",
  "context.lineWidth=0.4;",
  "context.strokeRect(576.04, 644.04, 95.92, 22.92)",
  "context.strokeStyle="#E2E3E3";",
  "context.lineWidth=0.4;",
  "context.strokeRect(672.04, 644.04, 95.92, 22.92)",
  "context.strokeStyle="#E2E3E3";",
  "context.lineWidth=0.4;",
  "context.strokeRect(768.04, 644.04, 95.92, 22.92)",
  "context.strokeStyle="#E2E3E3";",
  "context.lineWidth=0.4;",
  "context.strokeRect(864.04, 644.04, 95.92, 22.92)",
  "context.strokeStyle="#E2E3E3";",
  "context.lineWidth=0.4;",
  "context.strokeRect(0.04000000000000001, 667.04, 95.92, 22.92)",
  "context.strokeStyle="#E2E3E3";",
  "context.lineWidth=0.4;",
  "context.strokeRect(96.04, 667.04, 95.92, 22.92)",
  "context.strokeStyle="#E2E3E3";",
  "context.lineWidth=0.4;",
  "context.strokeRect(192.04, 667.04, 95.92, 22.92)",
  "context.strokeStyle="#E2E3E3";",
  "context.lineWidth=0.4;",
  "context.strokeRect(288.04, 667.04, 95.92, 22.92)",
  "context.strokeStyle="#E2E3E3";",
  "context.lineWidth=0.4;",
  "context.strokeRect(384.04, 667.04, 95.92, 22.92)",
  "context.strokeStyle="#E2E3E3";",
  "context.lineWidth=0.4;",
  "context.strokeRect(480.04, 667.04, 95.92, 22.92)",
  "context.strokeStyle="#E2E3E3";",
  "context.lineWidth=0.4;",
  "context.strokeRect(576.04, 667.04, 95.92, 22.92)",
  "context.strokeStyle="#E2E3E3";",
  "context.lineWidth=0.4;",
  "context.strokeRect(672.04, 667.04, 95.92, 22.92)",
  "context.strokeStyle="#E2E3E3";",
  "context.lineWidth=0.4;",
  "context.strokeRect(768.04, 667.04, 95.92, 22.92)",
  "context.strokeStyle="#E2E3E3";",
  "context.lineWidth=0.4;",
  "context.strokeRect(864.04, 667.04, 95.92, 22.92)",
  "context.strokeStyle="#E2E3E3";",
  "context.lineWidth=0.4;",
  "context.strokeRect(0.04000000000000001, 690.04, 95.92, 22.92)",
  "context.strokeStyle="#E2E3E3";",
  "context.lineWidth=0.4;",
  "context.strokeRect(96.04, 690.04, 95.92, 22.92)",
  "context.strokeStyle="#E2E3E3";",
  "context.lineWidth=0.4;",
  "context.strokeRect(192.04, 690.04, 95.92, 22.92)",
  "context.strokeStyle="#E2E3E3";",
  "context.lineWidth=0.4;",
  "context.strokeRect(288.04, 690.04, 95.92, 22.92)",
  "context.strokeStyle="#E2E3E3";",
  "context.lineWidth=0.4;",
  "context.strokeRect(384.04, 690.04, 95.92, 22.92)",
  "context.strokeStyle="#E2E3E3";",
  "context.lineWidth=0.4;",
  "context.strokeRect(480.04, 690.04, 95.92, 22.92)",
  "context.strokeStyle="#E2E3E3";",
  "context.lineWidth=0.4;",
  "context.strokeRect(576.04, 690.04, 95.92, 22.92)",
  "context.strokeStyle="#E2E3E3";",
  "context.lineWidth=0.4;",
  "context.strokeRect(672.04, 690.04, 95.92, 22.92)",
  "context.strokeStyle="#E2E3E3";",
  "context.lineWidth=0.4;",
  "context.strokeRect(768.04, 690.04, 95.92, 22.92)",
  "context.strokeStyle="#E2E3E3";",
  "context.lineWidth=0.4;",
  "context.strokeRect(864.04, 690.04, 95.92, 22.92)",
  "context.strokeStyle="#E2E3E3";",
  "context.lineWidth=0.4;",
  "context.strokeRect(0.04000000000000001, 713.04, 95.92, 22.92)",
  "context.strokeStyle="#E2E3E3";",
  "context.lineWidth=0.4;",
  "context.strokeRect(96.04, 713.04, 95.92, 22.92)",
  "context.strokeStyle="#E2E3E3";",
  "context.lineWidth=0.4;",
  "context.strokeRect(192.04, 713.04, 95.92, 22.92)",
  "context.strokeStyle="#E2E3E3";",
  "context.lineWidth=0.4;",
  "context.strokeRect(288.04, 713.04, 95.92, 22.92)",
  "context.strokeStyle="#E2E3E3";",
  "context.lineWidth=0.4;",
  "context.strokeRect(384.04, 713.04, 95.92, 22.92)",
  "context.strokeStyle="#E2E3E3";",
  "context.lineWidth=0.4;",
  "context.strokeRect(480.04, 713.04, 95.92, 22.92)",
  "context.strokeStyle="#E2E3E3";",
  "context.lineWidth=0.4;",
  "context.strokeRect(576.04, 713.04, 95.92, 22.92)",
  "context.strokeStyle="#E2E3E3";",
  "context.lineWidth=0.4;",
  "context.strokeRect(672.04, 713.04, 95.92, 22.92)",
  "context.strokeStyle="#E2E3E3";",
  "context.lineWidth=0.4;",
  "context.strokeRect(768.04, 713.04, 95.92, 22.92)",
  "context.strokeStyle="#E2E3E3";",
  "context.lineWidth=0.4;",
  "context.strokeRect(864.04, 713.04, 95.92, 22.92)",
  "context.strokeStyle="#E2E3E3";",
  "context.lineWidth=0.4;",
  "context.strokeRect(0.04000000000000001, 736.04, 95.92, 22.92)",
  "context.strokeStyle="#E2E3E3";",
  "context.lineWidth=0.4;",
  "context.strokeRect(96.04, 736.04, 95.92, 22.92)",
  "context.strokeStyle="#E2E3E3";",
  "context.lineWidth=0.4;",
  "context.strokeRect(192.04, 736.04, 95.92, 22.92)",
  "context.strokeStyle="#E2E3E3";",
  "context.lineWidth=0.4;",
  "context.strokeRect(288.04, 736.04, 95.92, 22.92)",
  "context.strokeStyle="#E2E3E3";",
  "context.lineWidth=0.4;",
  "context.strokeRect(384.04, 736.04, 95.92, 22.92)",
  "context.strokeStyle="#E2E3E3";",
  "context.lineWidth=0.4;",
  "context.strokeRect(480.04, 736.04, 95.92, 22.92)",
  "context.strokeStyle="#E2E3E3";",
  "context.lineWidth=0.4;",
  "context.strokeRect(576.04, 736.04, 95.92, 22.92)",
  "context.strokeStyle="#E2E3E3";",
  "context.lineWidth=0.4;",
  "context.strokeRect(672.04, 736.04, 95.92, 22.92)",
  "context.strokeStyle="#E2E3E3";",
  "context.lineWidth=0.4;",
  "context.strokeRect(768.04, 736.04, 95.92, 22.92)",
  "context.strokeStyle="#E2E3E3";",
  "context.lineWidth=0.4;",
  "context.strokeRect(864.04, 736.04, 95.92, 22.92)",
  "context.strokeStyle="#E2E3E3";",
  "context.lineWidth=0.4;",
  "context.strokeRect(0.04000000000000001, 759.04, 95.92, 22.92)",
  "context.strokeStyle="#E2E3E3";",
  "context.lineWidth=0.4;",
  "context.strokeRect(96.04, 759.04, 95.92, 22.92)",
  "context.strokeStyle="#E2E3E3";",
  "context.lineWidth=0.4;",
  "context.strokeRect(192.04, 759.04, 95.92, 22.92)",
  "context.strokeStyle="#E2E3E3";",
  "context.lineWidth=0.4;",
  "context.strokeRect(288.04, 759.04, 95.92, 22.92)",
  "context.strokeStyle="#E2E3E3";",
  "context.lineWidth=0.4;",
  "context.strokeRect(384.04, 759.04, 95.92, 22.92)",
  "context.strokeStyle="#E2E3E3";",
  "context.lineWidth=0.4;",
  "context.strokeRect(480.04, 759.04, 95.92, 22.92)",
  "context.strokeStyle="#E2E3E3";",
  "context.lineWidth=0.4;",
  "context.strokeRect(576.04, 759.04, 95.92, 22.92)",
  "context.strokeStyle="#E2E3E3";",
  "context.lineWidth=0.4;",
  "context.strokeRect(672.04, 759.04, 95.92, 22.92)",
  "context.strokeStyle="#E2E3E3";",
  "context.lineWidth=0.4;",
  "context.strokeRect(768.04, 759.04, 95.92, 22.92)",
  "context.strokeStyle="#E2E3E3";",
  "context.lineWidth=0.4;",
  "context.strokeRect(864.04, 759.04, 95.92, 22.92)",
  "context.strokeStyle="#E2E3E3";",
  "context.lineWidth=0.4;",
  "context.strokeRect(0.04000000000000001, 782.04, 95.92, 22.92)",
  "context.strokeStyle="#E2E3E3";",
  "context.lineWidth=0.4;",
  "context.strokeRect(96.04, 782.04, 95.92, 22.92)",
  "context.strokeStyle="#E2E3E3";",
  "context.lineWidth=0.4;",
  "context.strokeRect(192.04, 782.04, 95.92, 22.92)",
  "context.strokeStyle="#E2E3E3";",
  "context.lineWidth=0.4;",
  "context.strokeRect(288.04, 782.04, 95.92, 22.92)",
  "context.strokeStyle="#E2E3E3";",
  "context.lineWidth=0.4;",
  "context.strokeRect(384.04, 782.04, 95.92, 22.92)",
  "context.strokeStyle="#E2E3E3";",
  "context.lineWidth=0.4;",
  "context.strokeRect(480.04, 782.04, 95.92, 22.92)",
  "context.strokeStyle="#E2E3E3";",
  "context.lineWidth=0.4;",
  "context.strokeRect(576.04, 782.04, 95.92, 22.92)",
  "context.strokeStyle="#E2E3E3";",
  "context.lineWidth=0.4;",
  "context.strokeRect(672.04, 782.04, 95.92, 22.92)",
  "context.strokeStyle="#E2E3E3";",
  "context.lineWidth=0.4;",
  "context.strokeRect(768.04, 782.04, 95.92, 22.92)",
  "context.strokeStyle="#E2E3E3";",
  "context.lineWidth=0.4;",
  "context.strokeRect(864.04, 782.04, 95.92, 22.92)",
  "context.strokeStyle="#E2E3E3";",
  "context.lineWidth=0.4;",
  "context.strokeRect(0.04000000000000001, 805.04, 95.92, 22.92)",
  "context.strokeStyle="#E2E3E3";",
  "context.lineWidth=0.4;",
  "context.strokeRect(96.04, 805.04, 95.92, 22.92)",
  "context.strokeStyle="#E2E3E3";",
  "context.lineWidth=0.4;",
  "context.strokeRect(192.04, 805.04, 95.92, 22.92)",
  "context.strokeStyle="#E2E3E3";",
  "context.lineWidth=0.4;",
  "context.strokeRect(288.04, 805.04, 95.92, 22.92)",
  "context.strokeStyle="#E2E3E3";",
  "context.lineWidth=0.4;",
  "context.strokeRect(384.04, 805.04, 95.92, 22.92)",
  "context.strokeStyle="#E2E3E3";",
  "context.lineWidth=0.4;",
  "context.strokeRect(480.04, 805.04, 95.92, 22.92)",
  "context.strokeStyle="#E2E3E3";",
  "context.lineWidth=0.4;",
  "context.strokeRect(576.04, 805.04, 95.92, 22.92)",
  "context.strokeStyle="#E2E3E3";",
  "context.lineWidth=0.4;",
  "context.strokeRect(672.04, 805.04, 95.92, 22.92)",
  "context.strokeStyle="#E2E3E3";",
  "context.lineWidth=0.4;",
  "context.strokeRect(768.04, 805.04, 95.92, 22.92)",
  "context.strokeStyle="#E2E3E3";",
  "context.lineWidth=0.4;",
  "context.strokeRect(864.04, 805.04, 95.92, 22.92)",
  "context.strokeStyle="#E2E3E3";",
  "context.lineWidth=0.4;",
  "context.strokeRect(0.04000000000000001, 828.04, 95.92, 22.92)",
  "context.strokeStyle="#E2E3E3";",
  "context.lineWidth=0.4;",
  "context.strokeRect(96.04, 828.04, 95.92, 22.92)",
  "context.strokeStyle="#E2E3E3";",
  "context.lineWidth=0.4;",
  "context.strokeRect(192.04, 828.04, 95.92, 22.92)",
  "context.strokeStyle="#E2E3E3";",
  "context.lineWidth=0.4;",
  "context.strokeRect(288.04, 828.04, 95.92, 22.92)",
  "context.strokeStyle="#E2E3E3";",
  "context.lineWidth=0.4;",
  "context.strokeRect(384.04, 828.04, 95.92, 22.92)",
  "context.strokeStyle="#E2E3E3";",
  "context.lineWidth=0.4;",
  "context.strokeRect(480.04, 828.04, 95.92, 22.92)",
  "context.strokeStyle="#E2E3E3";",
  "context.lineWidth=0.4;",
  "context.strokeRect(576.04, 828.04, 95.92, 22.92)",
  "context.strokeStyle="#E2E3E3";",
  "context.lineWidth=0.4;",
  "context.strokeRect(672.04, 828.04, 95.92, 22.92)",
  "context.strokeStyle="#E2E3E3";",
  "context.lineWidth=0.4;",
  "context.strokeRect(768.04, 828.04, 95.92, 22.92)",
  "context.strokeStyle="#E2E3E3";",
  "context.lineWidth=0.4;",
  "context.strokeRect(864.04, 828.04, 95.92, 22.92)",
  "context.strokeStyle="#E2E3E3";",
  "context.lineWidth=0.4;",
  "context.strokeRect(0.04000000000000001, 851.04, 95.92, 22.92)",
  "context.strokeStyle="#E2E3E3";",
  "context.lineWidth=0.4;",
  "context.strokeRect(96.04, 851.04, 95.92, 22.92)",
  "context.strokeStyle="#E2E3E3";",
  "context.lineWidth=0.4;",
  "context.strokeRect(192.04, 851.04, 95.92, 22.92)",
  "context.strokeStyle="#E2E3E3";",
  "context.lineWidth=0.4;",
  "context.strokeRect(288.04, 851.04, 95.92, 22.92)",
  "context.strokeStyle="#E2E3E3";",
  "context.lineWidth=0.4;",
  "context.strokeRect(384.04, 851.04, 95.92, 22.92)",
  "context.strokeStyle="#E2E3E3";",
  "context.lineWidth=0.4;",
  "context.strokeRect(480.04, 851.04, 95.92, 22.92)",
  "context.strokeStyle="#E2E3E3";",
  "context.lineWidth=0.4;",
  "context.strokeRect(576.04, 851.04, 95.92, 22.92)",
  "context.strokeStyle="#E2E3E3";",
  "context.lineWidth=0.4;",
  "context.strokeRect(672.04, 851.04, 95.92, 22.92)",
  "context.strokeStyle="#E2E3E3";",
  "context.lineWidth=0.4;",
  "context.strokeRect(768.04, 851.04, 95.92, 22.92)",
  "context.strokeStyle="#E2E3E3";",
  "context.lineWidth=0.4;",
  "context.strokeRect(864.04, 851.04, 95.92, 22.92)",
  "context.strokeStyle="#E2E3E3";",
  "context.lineWidth=0.4;",
  "context.strokeRect(0.04000000000000001, 874.04, 95.92, 22.92)",
  "context.strokeStyle="#E2E3E3";",
  "context.lineWidth=0.4;",
  "context.strokeRect(96.04, 874.04, 95.92, 22.92)",
  "context.strokeStyle="#E2E3E3";",
  "context.lineWidth=0.4;",
  "context.strokeRect(192.04, 874.04, 95.92, 22.92)",
  "context.strokeStyle="#E2E3E3";",
  "context.lineWidth=0.4;",
  "context.strokeRect(288.04, 874.04, 95.92, 22.92)",
  "context.strokeStyle="#E2E3E3";",
  "context.lineWidth=0.4;",
  "context.strokeRect(384.04, 874.04, 95.92, 22.92)",
  "context.strokeStyle="#E2E3E3";",
  "context.lineWidth=0.4;",
  "context.strokeRect(480.04, 874.04, 95.92, 22.92)",
  "context.strokeStyle="#E2E3E3";",
  "context.lineWidth=0.4;",
  "context.strokeRect(576.04, 874.04, 95.92, 22.92)",
  "context.strokeStyle="#E2E3E3";",
  "context.lineWidth=0.4;",
  "context.strokeRect(672.04, 874.04, 95.92, 22.92)",
  "context.strokeStyle="#E2E3E3";",
  "context.lineWidth=0.4;",
  "context.strokeRect(768.04, 874.04, 95.92, 22.92)",
  "context.strokeStyle="#E2E3E3";",
  "context.lineWidth=0.4;",
  "context.strokeRect(864.04, 874.04, 95.92, 22.92)",
  "context.strokeStyle="#E2E3E3";",
  "context.lineWidth=0.4;",
  "context.strokeRect(0.04000000000000001, 897.04, 95.92, 22.92)",
  "context.strokeStyle="#E2E3E3";",
  "context.lineWidth=0.4;",
  "context.strokeRect(96.04, 897.04, 95.92, 22.92)",
  "context.strokeStyle="#E2E3E3";",
  "context.lineWidth=0.4;",
  "context.strokeRect(192.04, 897.04, 95.92, 22.92)",
  "context.strokeStyle="#E2E3E3";",
  "context.lineWidth=0.4;",
  "context.strokeRect(288.04, 897.04, 95.92, 22.92)",
  "context.strokeStyle="#E2E3E3";",
  "context.lineWidth=0.4;",
  "context.strokeRect(384.04, 897.04, 95.92, 22.92)",
  "context.strokeStyle="#E2E3E3";",
  "context.lineWidth=0.4;",
  "context.strokeRect(480.04, 897.04, 95.92, 22.92)",
  "context.strokeStyle="#E2E3E3";",
  "context.lineWidth=0.4;",
  "context.strokeRect(576.04, 897.04, 95.92, 22.92)",
  "context.strokeStyle="#E2E3E3";",
  "context.lineWidth=0.4;",
  "context.strokeRect(672.04, 897.04, 95.92, 22.92)",
  "context.strokeStyle="#E2E3E3";",
  "context.lineWidth=0.4;",
  "context.strokeRect(768.04, 897.04, 95.92, 22.92)",
  "context.strokeStyle="#E2E3E3";",
  "context.lineWidth=0.4;",
  "context.strokeRect(864.04, 897.04, 95.92, 22.92)",
  "context.strokeStyle="#E2E3E3";",
  "context.lineWidth=0.4;",
  "context.strokeRect(0.04000000000000001, 920.04, 95.92, 22.92)",
  "context.strokeStyle="#E2E3E3";",
  "context.lineWidth=0.4;",
  "context.strokeRect(96.04, 920.04, 95.92, 22.92)",
  "context.strokeStyle="#E2E3E3";",
  "context.lineWidth=0.4;",
  "context.strokeRect(192.04, 920.04, 95.92, 22.92)",
  "context.strokeStyle="#E2E3E3";",
  "context.lineWidth=0.4;",
  "context.strokeRect(288.04, 920.04, 95.92, 22.92)",
  "context.strokeStyle="#E2E3E3";",
  "context.lineWidth=0.4;",
  "context.strokeRect(384.04, 920.04, 95.92, 22.92)",
  "context.strokeStyle="#E2E3E3";",
  "context.lineWidth=0.4;",
  "context.strokeRect(480.04, 920.04, 95.92, 22.92)",
  "context.strokeStyle="#E2E3E3";",
  "context.lineWidth=0.4;",
  "context.strokeRect(576.04, 920.04, 95.92, 22.92)",
  "context.strokeStyle="#E2E3E3";",
  "context.lineWidth=0.4;",
  "context.strokeRect(672.04, 920.04, 95.92, 22.92)",
  "context.strokeStyle="#E2E3E3";",
  "context.lineWidth=0.4;",
  "context.strokeRect(768.04, 920.04, 95.92, 22.92)",
  "context.strokeStyle="#E2E3E3";",
  "context.lineWidth=0.4;",
  "context.strokeRect(864.04, 920.04, 95.92, 22.92)",
  "context.strokeStyle="#E2E3E3";",
  "context.lineWidth=0.4;",
  "context.strokeRect(0.04000000000000001, 943.04, 95.92, 22.92)",
  "context.strokeStyle="#E2E3E3";",
  "context.lineWidth=0.4;",
  "context.strokeRect(96.04, 943.04, 95.92, 22.92)",
  "context.strokeStyle="#E2E3E3";",
  "context.lineWidth=0.4;",
  "context.strokeRect(192.04, 943.04, 95.92, 22.92)",
  "context.strokeStyle="#E2E3E3";",
  "context.lineWidth=0.4;",
  "context.strokeRect(288.04, 943.04, 95.92, 22.92)",
  "context.strokeStyle="#E2E3E3";",
  "context.lineWidth=0.4;",
  "context.strokeRect(384.04, 943.04, 95.92, 22.92)",
  "context.strokeStyle="#E2E3E3";",
  "context.lineWidth=0.4;",
  "context.strokeRect(480.04, 943.04, 95.92, 22.92)",
  "context.strokeStyle="#E2E3E3";",
  "context.lineWidth=0.4;",
  "context.strokeRect(576.04, 943.04, 95.92, 22.92)",
  "context.strokeStyle="#E2E3E3";",
  "context.lineWidth=0.4;",
  "context.strokeRect(672.04, 943.04, 95.92, 22.92)",
  "context.strokeStyle="#E2E3E3";",
  "context.lineWidth=0.4;",
  "context.strokeRect(768.04, 943.04, 95.92, 22.92)",
  "context.strokeStyle="#E2E3E3";",
  "context.lineWidth=0.4;",
  "context.strokeRect(864.04, 943.04, 95.92, 22.92)",
  "context.strokeStyle="#E2E3E3";",
  "context.lineWidth=0.4;",
  "context.strokeRect(0.04000000000000001, 966.04, 95.92, 22.92)",
  "context.strokeStyle="#E2E3E3";",
  "context.lineWidth=0.4;",
  "context.strokeRect(96.04, 966.04, 95.92, 22.92)",
  "context.strokeStyle="#E2E3E3";",
  "context.lineWidth=0.4;",
  "context.strokeRect(192.04, 966.04, 95.92, 22.92)",
  "context.strokeStyle="#E2E3E3";",
  "context.lineWidth=0.4;",
  "context.strokeRect(288.04, 966.04, 95.92, 22.92)",
  "context.strokeStyle="#E2E3E3";",
  "context.lineWidth=0.4;",
  "context.strokeRect(384.04, 966.04, 95.92, 22.92)",
  "context.strokeStyle="#E2E3E3";",
  "context.lineWidth=0.4;",
  "context.strokeRect(480.04, 966.04, 95.92, 22.92)",
  "context.strokeStyle="#E2E3E3";",
  "context.lineWidth=0.4;",
  "context.strokeRect(576.04, 966.04, 95.92, 22.92)",
  "context.strokeStyle="#E2E3E3";",
  "context.lineWidth=0.4;",
  "context.strokeRect(672.04, 966.04, 95.92, 22.92)",
  "context.strokeStyle="#E2E3E3";",
  "context.lineWidth=0.4;",
  "context.strokeRect(768.04, 966.04, 95.92, 22.92)",
  "context.strokeStyle="#E2E3E3";",
  "context.lineWidth=0.4;",
  "context.strokeRect(864.04, 966.04, 95.92, 22.92)",
  "context.textBaseline="top";",
  "context.font="400 13px 'Roboto', arial";",
  "context.fillStyle="#000";",
  "context.textAlign="right";",
  "GET:font",
  "context.fillText("1", 92, 7)",
  "context.restore()",
  "context.lineWidth=2.4000000000000004;",
  "context.strokeStyle="#DADFE8";",
  "context.beginPath()",
  "context.stroke()",
  "context.restore()",
  "context.save()",
  "context.restore()",
  "context.save()",
  "context.restore()",
  "context.save()",
  "context.fillStyle="#f3f7fe";",
  "context.fillStyle="#f3f7fe";",
  "context.strokeStyle="#3266ca";",
  "context.lineWidth=0.6000000000000001;",
  "context.globalCompositeOperation="multiply";",
  "context.fillRect(0, 0, 96, 23)",
  "context.globalCompositeOperation="source-over";",
  "context.strokeRect(0, 0, 96, 23)",
  "context.globalCompositeOperation="source-over";",
  "context.strokeStyle="#3266ca";",
  "context.lineWidth=1.2000000000000002;",
  "context.strokeRect(0, 0, 96, 23)",
  "context.restore()",
  "context.save()",
  "context.restore()",
  "context.save()",
  "context.font="400 11px 'Roboto', arial";",
  "context.textAlign="center";",
  "context.textBaseline="middle";",
  "context.lineWidth=0.4;",
  "context.strokeStyle="#333";",
  "context.fillStyle="#E8EAED";",
  "context.fillRect(0, 0, 96, 26)",
  "context.fillStyle="#F8F9FA";",
  "context.fillRect(96, 0, 96, 26)",
  "context.fillStyle="#F8F9FA";",
  "context.fillRect(192, 0, 96, 26)",
  "context.fillStyle="#F8F9FA";",
  "context.fillRect(288, 0, 96, 26)",
  "context.fillStyle="#F8F9FA";",
  "context.fillRect(384, 0, 96, 26)",
  "context.fillStyle="#F8F9FA";",
  "context.fillRect(480, 0, 96, 26)",
  "context.fillStyle="#F8F9FA";",
  "context.fillRect(576, 0, 96, 26)",
  "context.fillStyle="#F8F9FA";",
  "context.fillRect(672, 0, 96, 26)",
  "context.fillStyle="#F8F9FA";",
  "context.fillRect(768, 0, 96, 26)",
  "context.fillStyle="#F8F9FA";",
  "context.fillRect(864, 0, 96, 26)",
  "context.fillStyle="#E8EAED";",
  "context.fillRect(0, 0, 48, 23)",
  "context.fillStyle="#F8F9FA";",
  "context.fillRect(0, 23, 48, 23)",
  "context.fillStyle="#F8F9FA";",
  "context.fillRect(0, 46, 48, 23)",
  "context.fillStyle="#F8F9FA";",
  "context.fillRect(0, 69, 48, 23)",
  "context.fillStyle="#F8F9FA";",
  "context.fillRect(0, 92, 48, 23)",
  "context.fillStyle="#F8F9FA";",
  "context.fillRect(0, 115, 48, 23)",
  "context.fillStyle="#F8F9FA";",
  "context.fillRect(0, 138, 48, 23)",
  "context.fillStyle="#F8F9FA";",
  "context.fillRect(0, 161, 48, 23)",
  "context.fillStyle="#F8F9FA";",
  "context.fillRect(0, 184, 48, 23)",
  "context.fillStyle="#F8F9FA";",
  "context.fillRect(0, 207, 48, 23)",
  "context.fillStyle="#F8F9FA";",
  "context.fillRect(0, 230, 48, 23)",
  "context.fillStyle="#F8F9FA";",
  "context.fillRect(0, 253, 48, 23)",
  "context.fillStyle="#F8F9FA";",
  "context.fillRect(0, 276, 48, 23)",
  "context.fillStyle="#F8F9FA";",
  "context.fillRect(0, 299, 48, 23)",
  "context.fillStyle="#F8F9FA";",
  "context.fillRect(0, 322, 48, 23)",
  "context.fillStyle="#F8F9FA";",
  "context.fillRect(0, 345, 48, 23)",
  "context.fillStyle="#F8F9FA";",
  "context.fillRect(0, 368, 48, 23)",
  "context.fillStyle="#F8F9FA";",
  "context.fillRect(0, 391, 48, 23)",
  "context.fillStyle="#F8F9FA";",
  "context.fillRect(0, 414, 48, 23)",
  "context.fillStyle="#F8F9FA";",
  "context.fillRect(0, 437, 48, 23)",
  "context.fillStyle="#F8F9FA";",
  "context.fillRect(0, 460, 48, 23)",
  "context.fillStyle="#F8F9FA";",
  "context.fillRect(0, 483, 48, 23)",
  "context.fillStyle="#F8F9FA";",
  "context.fillRect(0, 506, 48, 23)",
  "context.fillStyle="#F8F9FA";",
  "context.fillRect(0, 529, 48, 23)",
  "context.fillStyle="#F8F9FA";",
  "context.fillRect(0, 552, 48, 23)",
  "context.fillStyle="#F8F9FA";",
  "context.fillRect(0, 575, 48, 23)",
  "context.fillStyle="#F8F9FA";",
  "context.fillRect(0, 598, 48, 23)",
  "context.fillStyle="#F8F9FA";",
  "context.fillRect(0, 621, 48, 23)",
  "context.fillStyle="#F8F9FA";",
  "context.fillRect(0, 644, 48, 23)",
  "context.fillStyle="#F8F9FA";",
  "context.fillRect(0, 667, 48, 23)",
  "context.fillStyle="#F8F9FA";",
  "context.fillRect(0, 690, 48, 23)",
  "context.fillStyle="#F8F9FA";",
  "context.fillRect(0, 713, 48, 23)",
  "context.fillStyle="#F8F9FA";",
  "context.fillRect(0, 736, 48, 23)",
  "context.fillStyle="#F8F9FA";",
  "context.fillRect(0, 759, 48, 23)",
  "context.fillStyle="#F8F9FA";",
  "context.fillRect(0, 782, 48, 23)",
  "context.fillStyle="#F8F9FA";",
  "context.fillRect(0, 805, 48, 23)",
  "context.fillStyle="#F8F9FA";",
  "context.fillRect(0, 828, 48, 23)",
  "context.fillStyle="#F8F9FA";",
  "context.fillRect(0, 851, 48, 23)",
  "context.fillStyle="#F8F9FA";",
  "context.fillRect(0, 874, 48, 23)",
  "context.fillStyle="#F8F9FA";",
  "context.fillRect(0, 897, 48, 23)",
  "context.fillStyle="#F8F9FA";",
  "context.fillRect(0, 920, 48, 23)",
  "context.fillStyle="#F8F9FA";",
  "context.fillRect(0, 943, 48, 23)",
  "context.fillStyle="#F8F9FA";",
  "context.fillRect(0, 966, 48, 23)",
  "context.beginPath()",
  "context.moveTo(48, 0)",
  "context.lineTo(48, 974)",
  "context.moveTo(0, 26)",
  "context.lineTo(952, 26)",
  "context.strokeStyle="#C0C0C0";",
  "context.stroke()",
  "context.fillStyle="#666666";",
  "context.save()",
  "context.beginPath()",
  "context.rect(0, 0, 96, 26)",
  "context.clip()",
  "context.fillText("A", 48, 13)",
  "context.restore()",
  "context.beginPath()",
  "context.moveTo(96, 0)",
  "context.lineTo(96, 26)",
  "context.stroke()",
  "context.fillStyle="#666666";",
  "context.save()",
  "context.beginPath()",
  "context.rect(96, 0, 96, 26)",
  "context.clip()",
  "context.fillText("B", 144, 13)",
  "context.restore()",
  "context.beginPath()",
  "context.moveTo(192, 0)",
  "context.lineTo(192, 26)",
  "context.stroke()",
  "context.fillStyle="#666666";",
  "context.save()",
  "context.beginPath()",
  "context.rect(192, 0, 96, 26)",
  "context.clip()",
  "context.fillText("C", 240, 13)",
  "context.restore()",
  "context.beginPath()",
  "context.moveTo(288, 0)",
  "context.lineTo(288, 26)",
  "context.stroke()",
  "context.fillStyle="#666666";",
  "context.save()",
  "context.beginPath()",
  "context.rect(288, 0, 96, 26)",
  "context.clip()",
  "context.fillText("D", 336, 13)",
  "context.restore()",
  "context.beginPath()",
  "context.moveTo(384, 0)",
  "context.lineTo(384, 26)",
  "context.stroke()",
  "context.fillStyle="#666666";",
  "context.save()",
  "context.beginPath()",
  "context.rect(384, 0, 96, 26)",
  "context.clip()",
  "context.fillText("E", 432, 13)",
  "context.restore()",
  "context.beginPath()",
  "context.moveTo(480, 0)",
  "context.lineTo(480, 26)",
  "context.stroke()",
  "context.fillStyle="#666666";",
  "context.save()",
  "context.beginPath()",
  "context.rect(480, 0, 96, 26)",
  "context.clip()",
  "context.fillText("F", 528, 13)",
  "context.restore()",
  "context.beginPath()",
  "context.moveTo(576, 0)",
  "context.lineTo(576, 26)",
  "context.stroke()",
  "context.fillStyle="#666666";",
  "context.save()",
  "context.beginPath()",
  "context.rect(576, 0, 96, 26)",
  "context.clip()",
  "context.fillText("G", 624, 13)",
  "context.restore()",
  "context.beginPath()",
  "context.moveTo(672, 0)",
  "context.lineTo(672, 26)",
  "context.stroke()",
  "context.fillStyle="#666666";",
  "context.save()",
  "context.beginPath()",
  "context.rect(672, 0, 96, 26)",
  "context.clip()",
  "context.fillText("H", 720, 13)",
  "context.restore()",
  "context.beginPath()",
  "context.moveTo(768, 0)",
  "context.lineTo(768, 26)",
  "context.stroke()",
  "context.fillStyle="#666666";",
  "context.save()",
  "context.beginPath()",
  "context.rect(768, 0, 96, 26)",
  "context.clip()",
  "context.fillText("I", 816, 13)",
  "context.restore()",
  "context.beginPath()",
  "context.moveTo(864, 0)",
  "context.lineTo(864, 26)",
  "context.stroke()",
  "context.fillStyle="#666666";",
  "context.save()",
  "context.beginPath()",
  "context.rect(864, 0, 96, 26)",
  "context.clip()",
  "context.fillText("J", 912, 13)",
  "context.restore()",
  "context.beginPath()",
  "context.moveTo(960, 0)",
  "context.lineTo(960, 26)",
  "context.stroke()",
  "context.fillStyle="#666666";",
  "context.save()",
  "context.beginPath()",
  "context.rect(0, 0, 48, 23)",
  "context.clip()",
  "context.fillText("1", 24, 11.5)",
  "context.restore()",
  "context.beginPath()",
  "context.moveTo(0, 23)",
  "context.lineTo(48, 23)",
  "context.stroke()",
  "context.fillStyle="#666666";",
  "context.save()",
  "context.beginPath()",
  "context.rect(0, 23, 48, 23)",
  "context.clip()",
  "context.fillText("2", 24, 34.5)",
  "context.restore()",
  "context.beginPath()",
  "context.moveTo(0, 46)",
  "context.lineTo(48, 46)",
  "context.stroke()",
  "context.fillStyle="#666666";",
  "context.save()",
  "context.beginPath()",
  "context.rect(0, 46, 48, 23)",
  "context.clip()",
  "context.fillText("3", 24, 57.5)",
  "context.restore()",
  "context.beginPath()",
  "context.moveTo(0, 69)",
  "context.lineTo(48, 69)",
  "context.stroke()",
  "context.fillStyle="#666666";",
  "context.save()",
  "context.beginPath()",
  "context.rect(0, 69, 48, 23)",
  "context.clip()",
  "context.fillText("4", 24, 80.5)",
  "context.restore()",
  "context.beginPath()",
  "context.moveTo(0, 92)",
  "context.lineTo(48, 92)",
  "context.stroke()",
  "context.fillStyle="#666666";",
  "context.save()",
  "context.beginPath()",
  "context.rect(0, 92, 48, 23)",
  "context.clip()",
  "context.fillText("5", 24, 103.5)",
  "context.restore()",
  "context.beginPath()",
  "context.moveTo(0, 115)",
  "context.lineTo(48, 115)",
  "context.stroke()",
  "context.fillStyle="#666666";",
  "context.save()",
  "context.beginPath()",
  "context.rect(0, 115, 48, 23)",
  "context.clip()",
  "context.fillText("6", 24, 126.5)",
  "context.restore()",
  "context.beginPath()",
  "context.moveTo(0, 138)",
  "context.lineTo(48, 138)",
  "context.stroke()",
  "context.fillStyle="#666666";",
  "context.save()",
  "context.beginPath()",
  "context.rect(0, 138, 48, 23)",
  "context.clip()",
  "context.fillText("7", 24, 149.5)",
  "context.restore()",
  "context.beginPath()",
  "context.moveTo(0, 161)",
  "context.lineTo(48, 161)",
  "context.stroke()",
  "context.fillStyle="#666666";",
  "context.save()",
  "context.beginPath()",
  "context.rect(0, 161, 48, 23)",
  "context.clip()",
  "context.fillText("8", 24, 172.5)",
  "context.restore()",
  "context.beginPath()",
  "context.moveTo(0, 184)",
  "context.lineTo(48, 184)",
  "context.stroke()",
  "context.fillStyle="#666666";",
  "context.save()",
  "context.beginPath()",
  "context.rect(0, 184, 48, 23)",
  "context.clip()",
  "context.fillText("9", 24, 195.5)",
  "context.restore()",
  "context.beginPath()",
  "context.moveTo(0, 207)",
  "context.lineTo(48, 207)",
  "context.stroke()",
  "context.fillStyle="#666666";",
  "context.save()",
  "context.beginPath()",
  "context.rect(0, 207, 48, 23)",
  "context.clip()",
  "context.fillText("10", 24, 218.5)",
  "context.restore()",
  "context.beginPath()",
  "context.moveTo(0, 230)",
  "context.lineTo(48, 230)",
  "context.stroke()",
  "context.fillStyle="#666666";",
  "context.save()",
  "context.beginPath()",
  "context.rect(0, 230, 48, 23)",
  "context.clip()",
  "context.fillText("11", 24, 241.5)",
  "context.restore()",
  "context.beginPath()",
  "context.moveTo(0, 253)",
  "context.lineTo(48, 253)",
  "context.stroke()",
  "context.fillStyle="#666666";",
  "context.save()",
  "context.beginPath()",
  "context.rect(0, 253, 48, 23)",
  "context.clip()",
  "context.fillText("12", 24, 264.5)",
  "context.restore()",
  "context.beginPath()",
  "context.moveTo(0, 276)",
  "context.lineTo(48, 276)",
  "context.stroke()",
  "context.fillStyle="#666666";",
  "context.save()",
  "context.beginPath()",
  "context.rect(0, 276, 48, 23)",
  "context.clip()",
  "context.fillText("13", 24, 287.5)",
  "context.restore()",
  "context.beginPath()",
  "context.moveTo(0, 299)",
  "context.lineTo(48, 299)",
  "context.stroke()",
  "context.fillStyle="#666666";",
  "context.save()",
  "context.beginPath()",
  "context.rect(0, 299, 48, 23)",
  "context.clip()",
  "context.fillText("14", 24, 310.5)",
  "context.restore()",
  "context.beginPath()",
  "context.moveTo(0, 322)",
  "context.lineTo(48, 322)",
  "context.stroke()",
  "context.fillStyle="#666666";",
  "context.save()",
  "context.beginPath()",
  "context.rect(0, 322, 48, 23)",
  "context.clip()",
  "context.fillText("15", 24, 333.5)",
  "context.restore()",
  "context.beginPath()",
  "context.moveTo(0, 345)",
  "context.lineTo(48, 345)",
  "context.stroke()",
  "context.fillStyle="#666666";",
  "context.save()",
  "context.beginPath()",
  "context.rect(0, 345, 48, 23)",
  "context.clip()",
  "context.fillText("16", 24, 356.5)",
  "context.restore()",
  "context.beginPath()",
  "context.moveTo(0, 368)",
  "context.lineTo(48, 368)",
  "context.stroke()",
  "context.fillStyle="#666666";",
  "context.save()",
  "context.beginPath()",
  "context.rect(0, 368, 48, 23)",
  "context.clip()",
  "context.fillText("17", 24, 379.5)",
  "context.restore()",
  "context.beginPath()",
  "context.moveTo(0, 391)",
  "context.lineTo(48, 391)",
  "context.stroke()",
  "context.fillStyle="#666666";",
  "context.save()",
  "context.beginPath()",
  "context.rect(0, 391, 48, 23)",
  "context.clip()",
  "context.fillText("18", 24, 402.5)",
  "context.restore()",
  "context.beginPath()",
  "context.moveTo(0, 414)",
  "context.lineTo(48, 414)",
  "context.stroke()",
  "context.fillStyle="#666666";",
  "context.save()",
  "context.beginPath()",
  "context.rect(0, 414, 48, 23)",
  "context.clip()",
  "context.fillText("19", 24, 425.5)",
  "context.restore()",
  "context.beginPath()",
  "context.moveTo(0, 437)",
  "context.lineTo(48, 437)",
  "context.stroke()",
  "context.fillStyle="#666666";",
  "context.save()",
  "context.beginPath()",
  "context.rect(0, 437, 48, 23)",
  "context.clip()",
  "context.fillText("20", 24, 448.5)",
  "context.restore()",
  "context.beginPath()",
  "context.moveTo(0, 460)",
  "context.lineTo(48, 460)",
  "context.stroke()",
  "context.fillStyle="#666666";",
  "context.save()",
  "context.beginPath()",
  "context.rect(0, 460, 48, 23)",
  "context.clip()",
  "context.fillText("21", 24, 471.5)",
  "context.restore()",
  "context.beginPath()",
  "context.moveTo(0, 483)",
  "context.lineTo(48, 483)",
  "context.stroke()",
  "context.fillStyle="#666666";",
  "context.save()",
  "context.beginPath()",
  "context.rect(0, 483, 48, 23)",
  "context.clip()",
  "context.fillText("22", 24, 494.5)",
  "context.restore()",
  "context.beginPath()",
  "context.moveTo(0, 506)",
  "context.lineTo(48, 506)",
  "context.stroke()",
  "context.fillStyle="#666666";",
  "context.save()",
  "context.beginPath()",
  "context.rect(0, 506, 48, 23)",
  "context.clip()",
  "context.fillText("23", 24, 517.5)",
  "context.restore()",
  "context.beginPath()",
  "context.moveTo(0, 529)",
  "context.lineTo(48, 529)",
  "context.stroke()",
  "context.fillStyle="#666666";",
  "context.save()",
  "context.beginPath()",
  "context.rect(0, 529, 48, 23)",
  "context.clip()",
  "context.fillText("24", 24, 540.5)",
  "context.restore()",
  "context.beginPath()",
  "context.moveTo(0, 552)",
  "context.lineTo(48, 552)",
  "context.stroke()",
  "context.fillStyle="#666666";",
  "context.save()",
  "context.beginPath()",
  "context.rect(0, 552, 48, 23)",
  "context.clip()",
  "context.fillText("25", 24, 563.5)",
  "context.restore()",
  "context.beginPath()",
  "context.moveTo(0, 575)",
  "context.lineTo(48, 575)",
  "context.stroke()",
  "context.fillStyle="#666666";",
  "context.save()",
  "context.beginPath()",
  "context.rect(0, 575, 48, 23)",
  "context.clip()",
  "context.fillText("26", 24, 586.5)",
  "context.restore()",
  "context.beginPath()",
  "context.moveTo(0, 598)",
  "context.lineTo(48, 598)",
  "context.stroke()",
  "context.fillStyle="#666666";",
  "context.save()",
  "context.beginPath()",
  "context.rect(0, 598, 48, 23)",
  "context.clip()",
  "context.fillText("27", 24, 609.5)",
  "context.restore()",
  "context.beginPath()",
  "context.moveTo(0, 621)",
  "context.lineTo(48, 621)",
  "context.stroke()",
  "context.fillStyle="#666666";",
  "context.save()",
  "context.beginPath()",
  "context.rect(0, 621, 48, 23)",
  "context.clip()",
  "context.fillText("28", 24, 632.5)",
  "context.restore()",
  "context.beginPath()",
  "context.moveTo(0, 644)",
  "context.lineTo(48, 644)",
  "context.stroke()",
  "context.fillStyle="#666666";",
  "context.save()",
  "context.beginPath()",
  "context.rect(0, 644, 48, 23)",
  "context.clip()",
  "context.fillText("29", 24, 655.5)",
  "context.restore()",
  "context.beginPath()",
  "context.moveTo(0, 667)",
  "context.lineTo(48, 667)",
  "context.stroke()",
  "context.fillStyle="#666666";",
  "context.save()",
  "context.beginPath()",
  "context.rect(0, 667, 48, 23)",
  "context.clip()",
  "context.fillText("30", 24, 678.5)",
  "context.restore()",
  "context.beginPath()",
  "context.moveTo(0, 690)",
  "context.lineTo(48, 690)",
  "context.stroke()",
  "context.fillStyle="#666666";",
  "context.save()",
  "context.beginPath()",
  "context.rect(0, 690, 48, 23)",
  "context.clip()",
  "context.fillText("31", 24, 701.5)",
  "context.restore()",
  "context.beginPath()",
  "context.moveTo(0, 713)",
  "context.lineTo(48, 713)",
  "context.stroke()",
  "context.fillStyle="#666666";",
  "context.save()",
  "context.beginPath()",
  "context.rect(0, 713, 48, 23)",
  "context.clip()",
  "context.fillText("32", 24, 724.5)",
  "context.restore()",
  "context.beginPath()",
  "context.moveTo(0, 736)",
  "context.lineTo(48, 736)",
  "context.stroke()",
  "context.fillStyle="#666666";",
  "context.save()",
  "context.beginPath()",
  "context.rect(0, 736, 48, 23)",
  "context.clip()",
  "context.fillText("33", 24, 747.5)",
  "context.restore()",
  "context.beginPath()",
  "context.moveTo(0, 759)",
  "context.lineTo(48, 759)",
  "context.stroke()",
  "context.fillStyle="#666666";",
  "context.save()",
  "context.beginPath()",
  "context.rect(0, 759, 48, 23)",
  "context.clip()",
  "context.fillText("34", 24, 770.5)",
  "context.restore()",
  "context.beginPath()",
  "context.moveTo(0, 782)",
  "context.lineTo(48, 782)",
  "context.stroke()",
  "context.fillStyle="#666666";",
  "context.save()",
  "context.beginPath()",
  "context.rect(0, 782, 48, 23)",
  "context.clip()",
  "context.fillText("35", 24, 793.5)",
  "context.restore()",
  "context.beginPath()",
  "context.moveTo(0, 805)",
  "context.lineTo(48, 805)",
  "context.stroke()",
  "context.fillStyle="#666666";",
  "context.save()",
  "context.beginPath()",
  "context.rect(0, 805, 48, 23)",
  "context.clip()",
  "context.fillText("36", 24, 816.5)",
  "context.restore()",
  "context.beginPath()",
  "context.moveTo(0, 828)",
  "context.lineTo(48, 828)",
  "context.stroke()",
  "context.fillStyle="#666666";",
  "context.save()",
  "context.beginPath()",
  "context.rect(0, 828, 48, 23)",
  "context.clip()",
  "context.fillText("37", 24, 839.5)",
  "context.restore()",
  "context.beginPath()",
  "context.moveTo(0, 851)",
  "context.lineTo(48, 851)",
  "context.stroke()",
  "context.fillStyle="#666666";",
  "context.save()",
  "context.beginPath()",
  "context.rect(0, 851, 48, 23)",
  "context.clip()",
  "context.fillText("38", 24, 862.5)",
  "context.restore()",
  "context.beginPath()",
  "context.moveTo(0, 874)",
  "context.lineTo(48, 874)",
  "context.stroke()",
  "context.fillStyle="#666666";",
  "context.save()",
  "context.beginPath()",
  "context.rect(0, 874, 48, 23)",
  "context.clip()",
  "context.fillText("39", 24, 885.5)",
  "context.restore()",
  "context.beginPath()",
  "context.moveTo(0, 897)",
  "context.lineTo(48, 897)",
  "context.stroke()",
  "context.fillStyle="#666666";",
  "context.save()",
  "context.beginPath()",
  "context.rect(0, 897, 48, 23)",
  "context.clip()",
  "context.fillText("40", 24, 908.5)",
  "context.restore()",
  "context.beginPath()",
  "context.moveTo(0, 920)",
  "context.lineTo(48, 920)",
  "context.stroke()",
  "context.fillStyle="#666666";",
  "context.save()",
  "context.beginPath()",
  "context.rect(0, 920, 48, 23)",
  "context.clip()",
  "context.fillText("41", 24, 931.5)",
  "context.restore()",
  "context.beginPath()",
  "context.moveTo(0, 943)",
  "context.lineTo(48, 943)",
  "context.stroke()",
  "context.fillStyle="#666666";",
  "context.save()",
  "context.beginPath()",
  "context.rect(0, 943, 48, 23)",
  "context.clip()",
  "context.fillText("42", 24, 954.5)",
  "context.restore()",
  "context.beginPath()",
  "context.moveTo(0, 966)",
  "context.lineTo(48, 966)",
  "context.stroke()",
  "context.fillStyle="#666666";",
  "context.save()",
  "context.beginPath()",
  "context.rect(0, 966, 48, 23)",
  "context.clip()",
  "context.fillText("43", 24, 977.5)",
  "context.restore()",
  "context.beginPath()",
  "context.moveTo(0, 989)",
  "context.lineTo(48, 989)",
  "context.stroke()",
  "context.lineWidth=2.4000000000000004;",
  "context.strokeStyle="#BCBCBC";",
  "context.beginPath()",
  "context.stroke()",
  "context.restore()",
]
`;
