// Jest Snapshot v1, https://goo.gl/fbAQLP

exports[`datasource tests create a gauge chart 1`] = `
{
  "background": "#FFFFFF",
  "colors": [
    "#999999",
    "#111111",
    "#dddddd",
  ],
  "gaugeValue": undefined,
  "inflectionValues": [
    {
      "label": "70",
      "operator": "<=",
      "value": 70,
    },
    {
      "label": "150",
      "operator": "<=",
      "value": 150,
    },
  ],
  "maxValue": {
    "label": "500",
    "value": 500,
  },
  "minValue": {
    "label": "-200",
    "value": -200,
  },
  "title": {
    "text": "Title",
  },
}
`;

exports[`datasource tests create empty gauge chart 1`] = `
{
  "background": "#FFFFFF",
  "colors": [
    "#6aa84f",
    "#f1c232",
    "#cc0000",
  ],
  "gaugeValue": undefined,
  "inflectionValues": [
    {
      "label": "33",
      "operator": "<=",
      "value": 33,
    },
    {
      "label": "66",
      "operator": "<=",
      "value": 66,
    },
  ],
  "maxValue": {
    "label": "100",
    "value": 100,
  },
  "minValue": {
    "label": "0",
    "value": 0,
  },
  "title": {
    "text": "",
  },
}
`;
