// Jest Snapshot v1, https://goo.gl/fbAQLP

exports[`BottomBar component Can open the list of statistics 1`] = `
<div
  class="o-menu"
>
  
  <div
    class="o-menu-item"
    data-name="Sum"
    title="Sum: 24"
  >
    <div
      class="d-flex w-100"
    >
      
      <div
        class="o-menu-item-name align-middle text-truncate"
      >
        Sum: 24
      </div>
      
      
    </div>
  </div>
  
  <div
    class="o-menu-item"
    data-name="Avg"
    title="Avg: 24"
  >
    <div
      class="d-flex w-100"
    >
      
      <div
        class="o-menu-item-name align-middle text-truncate"
      >
        Avg: 24
      </div>
      
      
    </div>
  </div>
  
  <div
    class="o-menu-item"
    data-name="Min"
    title="Min: 24"
  >
    <div
      class="d-flex w-100"
    >
      
      <div
        class="o-menu-item-name align-middle text-truncate"
      >
        Min: 24
      </div>
      
      
    </div>
  </div>
  
  <div
    class="o-menu-item"
    data-name="Max"
    title="Max: 24"
  >
    <div
      class="d-flex w-100"
    >
      
      <div
        class="o-menu-item-name align-middle text-truncate"
      >
        Max: 24
      </div>
      
      
    </div>
  </div>
  
  <div
    class="o-menu-item"
    data-name="Count"
    title="Count: 1"
  >
    <div
      class="d-flex w-100"
    >
      
      <div
        class="o-menu-item-name align-middle text-truncate"
      >
        Count: 1
      </div>
      
      
    </div>
  </div>
  
  <div
    class="o-menu-item"
    data-name="Count Numbers"
    title="Count Numbers: 1"
  >
    <div
      class="d-flex w-100"
    >
      
      <div
        class="o-menu-item-name align-middle text-truncate"
      >
        Count Numbers: 1
      </div>
      
      
    </div>
  </div>
  
</div>
`;

exports[`BottomBar component simple rendering 1`] = `
<div
  class="o-spreadsheet-bottom-bar o-two-columns d-flex align-items-center overflow-hidden"
>
  <div
    class="o-ripple-container position-relative"
  >
    <div
      class="position-absolute w-100 h-100"
    >
      
    </div>
    <div
      class="position-relative"
    >
      <div
        class="o-sheet-item o-add-sheet me-2 p-1"
      >
        <svg
          class="o-icon plus"
          viewBox="0 0 18 18"
          xmlns="http://www.w3.org/2000/svg"
        >
          <path
            d="M8 0h2v8h8v2h-8v8H8v-8H0V8h8"
            fill="currentColor"
          />
        </svg>
      </div>
    </div>
  </div>
  
  <div
    class="o-ripple-container position-relative"
  >
    <div
      class="position-absolute w-100 h-100"
    >
      
    </div>
    <div
      class="position-relative"
    >
      <div
        class="o-sheet-item o-list-sheets me-2 p-1"
      >
        <svg
          class="o-icon"
          viewBox="0 0 384 384"
          xmlns="http://www.w3.org/2000/svg"
        >
          <rect
            fill="currentColor"
            height="42.667"
            width="384"
            x="0"
            y="277.333"
          />
          <rect
            fill="currentColor"
            height="42.667"
            width="384"
            x="0"
            y="170.667"
          />
          <rect
            fill="currentColor"
            height="42.667"
            width="384"
            x="0"
            y="64"
          />
        </svg>
      </div>
    </div>
  </div>
  
  <div
    class="o-all-sheets position-relative flex-shrink-0 d-flex h-100 me-3"
  >
    
    <div
      class="o-sheet-list d-flex w-100 px-1"
    >
      <div
        class="o-ripple-container position-relative"
      >
        <div
          class="position-absolute w-100 h-100"
        >
          
        </div>
        <div
          class="position-relative"
        >
          <div
            class="o-sheet d-flex align-items-center user-select-none text-nowrap active"
            data-id="Sheet1"
            style=""
            title="Sheet1"
          >
            <span
              class="o-sheet-name"
              contenteditable="false"
            >
              Sheet1
            </span>
            <span
              class="o-sheet-icon ms-1"
            >
              <svg
                class="o-icon"
                xmlns="http://www.w3.org/2000/svg"
              >
                <polygon
                  fill="currentColor"
                  points="0 0 4 4 8 0"
                  transform="translate(5 7)"
                />
              </svg>
            </span>
          </div>
        </div>
      </div>
      
    </div>
    
  </div>
  
  
  
  
</div>
`;
