// Jest Snapshot v1, https://goo.gl/fbAQLP

exports[`UI of conditional formats Conditional formatting list panel simple snapshot 1`] = `
<div
  class="o-spreadsheet"
>
  <div
    class="o-cf h-100 overflow-auto"
  >
    <div
      class="o-cf-preview-container"
      style=""
    >
      <div
        class="o-cf-preview w-100 d-flex justify-content-between"
        data-id="1"
      >
        <div
          class="position-relative d-flex align-items-center"
        >
          <div
            class="o-cf-drag-handle position-absolute o-button-icon"
          >
            <svg
              class="o-icon"
              fill="currentColor"
              viewBox="0 0 4 16"
              xmlns="http://www.w3.org/2000/svg"
            >
              <circle
                cx="2"
                cy="3.5"
                r="1"
              />
              <circle
                cx="2"
                cy="6.5"
                r="1"
              />
              <circle
                cx="2"
                cy="9.5"
                r="1"
              />
              <circle
                cx="2"
                cy="12.5"
                r="1"
              />
            </svg>
          </div>
          
          <div
            class="o-cf-preview-icon d-flex justify-content-around align-items-center me-2"
            style="background:#FF0000; "
          >
             123 
          </div>
          
          <div
            class="o-cf-preview-description"
          >
            <div
              class="o-cf-preview-description-rule o-fw-bold text-truncate"
            >
              Value is equal to 2
            </div>
            <div
              class="o-cf-preview-range text-truncate"
            >
              A1:A2
            </div>
          </div>
        </div>
        <div
          class="o-cf-delete-button d-flex align-items-center o-button-icon px-3"
          title="Remove rule"
        >
          <div
            class="o-icon"
          >
            <i
              class="fa fa-trash"
            />
          </div>
        </div>
      </div>
    </div>
    <div
      class="o-cf-preview-container"
      style=""
    >
      <div
        class="o-cf-preview w-100 d-flex justify-content-between"
        data-id="2"
      >
        <div
          class="position-relative d-flex align-items-center"
        >
          <div
            class="o-cf-drag-handle position-absolute o-button-icon"
          >
            <svg
              class="o-icon"
              fill="currentColor"
              viewBox="0 0 4 16"
              xmlns="http://www.w3.org/2000/svg"
            >
              <circle
                cx="2"
                cy="3.5"
                r="1"
              />
              <circle
                cx="2"
                cy="6.5"
                r="1"
              />
              <circle
                cx="2"
                cy="9.5"
                r="1"
              />
              <circle
                cx="2"
                cy="12.5"
                r="1"
              />
            </svg>
          </div>
          
          <div
            class="o-cf-preview-icon d-flex justify-content-around align-items-center me-2"
            style="background-image: linear-gradient(to right, #FF00FF, #123456)"
          >
             123 
          </div>
          
          <div
            class="o-cf-preview-description"
          >
            <div
              class="o-cf-preview-description-rule o-fw-bold text-truncate"
            >
              Color scale
            </div>
            <div
              class="o-cf-preview-range text-truncate"
            >
              B1:B5
            </div>
          </div>
        </div>
        <div
          class="o-cf-delete-button d-flex align-items-center o-button-icon px-3"
          title="Remove rule"
        >
          <div
            class="o-icon"
          >
            <i
              class="fa fa-trash"
            />
          </div>
        </div>
      </div>
    </div>
    
    
    <div
      class="o-button-link p-4 o-cf-add float-end"
    >
       + Add another rule 
    </div>
  </div>
</div>
`;
