// Jest Snapshot v1, https://goo.gl/fbAQLP

exports[`formula assistant appearance simple snapshot with =FUNC1( 1`] = `
<div
  class="o-formula-assistant-container user-select-none o-formula-assistant-event-auto pe-auto"
  style="box-shadow: 0 1px 4px 3px rgba(60, 64, 67, 0.15);"
>
  <div
    class="o-formula-assistant bg-white pb-2"
  >
    <div
      class="o-formula-assistant-head bg-light p-3"
    >
      <span>
        FUNC1
      </span>
       ( 
      
      <span
        class="o-formula-assistant-focus text-primary fw-bold"
      >
        <span>
          
          <span>
            f1Arg1
          </span>
          
          
        </span>
      </span>
      <span>
        , 
      </span>
      <span>
        <span>
          
          <span>
            f1Arg2
          </span>
          
          
        </span>
      </span>
      
      
       ) 
    </div>
    <div
      class="o-formula-assistant-core px-3 pb-2 m-1 border-bottom"
    >
      <!-- &lt;div class="o-formula-assistant-gray"&gt;ABOUT&lt;/div&gt; -->
      <div>
        func1 def
      </div>
    </div>
    <div
      class="o-formula-assistant-arg d-flex flex-column px-3 py-1 m-1 o-formula-assistant-gray text-secondary o-formula-assistant-focus"
    >
      <div>
        <span
          class="text-primary fw-bold"
        >
          f1Arg1
        </span>
        
        
        
      </div>
      <div
        class="o-formula-assistant-arg-description fs-6 text-black"
      >
        f1 Arg1 def
      </div>
    </div>
    <div
      class="o-formula-assistant-arg d-flex flex-column px-3 py-1 m-1 o-formula-assistant-gray text-secondary"
    >
      <div>
        <span>
          f1Arg2
        </span>
        
        
        
      </div>
      <div
        class="o-formula-assistant-arg-description fs-6"
      >
        f1 Arg2 def
      </div>
    </div>
    
    
  </div>
</div>
`;
