// Jest Snapshot v1, https://goo.gl/fbAQLP

exports[`Grid component simple rendering snapshot 1`] = `
<div
  class="o-grid position-relative overflow-hidden o-two-columns"
>
  <!-- tabindex="-1" is necessary to keep the focus on composer while selecting a cell -->
  <div
    class="o-grid-overlay position-absolute"
    style="
      top: 26px;
      left: 48px;
      height: calc(100% - 26px);
      width: calc(100% - 48px);
    "
    tabindex="-1"
  >
    <div>
      
    </div>
  </div>
  <div
    class="o-overlay"
  >
    <div
      class="o-col-resizer position-absolute top-0 end-0"
    >
      
      
      
      
      
    </div>
    
    <div
      class="o-row-resizer position-absolute start-0 end-0 h-100"
    >
      
      
      
      
      
    </div>
    
    <div
      class="all"
    />
  </div>
  
  
  <canvas
    height="985"
    style="width:985px;height:985px;"
    width="985"
  />
  
  
  
  <div
    class="o-autofill position-absolute border border-white"
    style="top:45px;left:140px"
  >
    <div
      class="o-autofill-handler position-absolute"
      style="top:0px;left:0px;"
    />
    
  </div>
  
  
  
  
  <div
    class="o-scrollbar vertical position-absolute overflow-auto end-0"
    style="
      top: 26px;"
  >
    <div
      style="width:1px;height:2328px"
    />
  </div>
  <div
    class="o-scrollbar horizontal position-absolute overflow-auto bottom-0"
    style="
      left: 48px;"
  >
    <div
      style="height:1px;width:2592px"
    />
  </div>
  <div
    class="o-scrollbar corner end-0 bottom-0 border-top border-end"
  />
</div>
`;

exports[`error tooltip can display error tooltip 1`] = `
<div
  class="o-popover"
  style="
      position: absolute;
      z-index: 30;
      top:187px;
      left:336px;
      max-height:934px;
      width:180px;
      overflow-y: auto;
      overflow-x: hidden;
      box-shadow: 1px 2px 5px 2px rgb(51 51 51 / 15%);
    "
>
  <div
    class="o-error-tooltip p-2 bg-white border-start border-4 border-warning fs-5"
  >
    The divisor must be different from zero.
  </div>
</div>
`;
