// Jest Snapshot v1, https://goo.gl/fbAQLP

exports[`Scorecard charts Scorecard snapshot 1`] = `
<div
  class="o-figure position-absolute bottom-0 end-0"
  style="width:536px;height:335px;border-width: 1px;"
  tabindex="0"
>
  <div
    class="o-chart-container position-relative w-100 h-100"
  >
    <div
      class="o-chart-menu d-none position-absolute end-0 p-1"
    >
      <div
        class="o-chart-menu-item cursor-pointer"
      >
        <svg
          class="o-icon"
          viewBox="0 0 384 384"
        >
          <rect
            height="42.667"
            width="384"
            x="0"
            y="277.333"
          />
          <rect
            height="42.667"
            width="384"
            x="0"
            y="170.667"
          />
          <rect
            height="42.667"
            width="384"
            x="0"
            y="64"
          />
        </svg>
      </div>
    </div>
    
    <div
      class="o-scorecard d-flex flex-column bg-white user-select-none"
      style="
      height:335px;
      width:536px;
      padding:10.72px;
      background:#FFFFFF;
    "
    >
      <div
        class="o-title-text overflow-hidden text-nowrap text-start"
        style="
font-size: 18px;
display: inline-block;
color: #757575;
"
      >
        hello
      </div>
      
      <div
        class="o-scorecard-content d-flex flex-column justify-content-center h-100 text-center"
        style="
      height:291.96px;
    "
      >
        <div
          class="o-key-text overflow-hidden text-nowrap"
          style="
font-size: 69.24101876395092px;
display: inline-block;
color: #000000;
"
        >
          2
        </div>
        
        <div
          class="o-baseline-text overflow-hidden text-nowrap"
          style="
font-size: 37.28362548828126px;
display: inline-block;
"
        >
          <svg
            class="o-cf-icon arrow-up"
            focusable="false"
            height="10"
            viewBox="0 0 448 512"
            width="10"
          >
            <path
              d="M34.9 289.5l-22.2-22.2c-9.4-9.4-9.4-24.6 0-33.9L207 39c9.4-9.4 24.6-9.4 33.9 0l194.3 194.3c9.4 9.4 9.4 24.6 0 33.9L413 289.4c-9.5 9.5-25 9.3-34.3-.4L264 168.6V456c0 13.3-10.7 24-24 24h-32c-13.3 0-24-10.7-24-24V168.6L69.2 289.1c-9.3 9.8-24.8 10-34.3.4z"
              fill="#00A04A"
              style="fill : #00A04A"
            />
          </svg>
          
          <span
            class="o-baseline-text-value"
            style="
font-size: 37.28362548828126px;
display: inline-block;
color: #00A04A;
"
          >
            1
          </span>
          
          <span
            class="o-baseline-text-description"
            style="
font-size: 33.55526293945314px;
display: inline-block;
color: #757575;
"
          >
             description
          </span>
        </div>
        
      </div>
    </div>
    
    
  </div>
</div>
`;
